---
source: crates/relune-app/tests/layout_json_regression_matrix.rs
expression: snapshot
---
{
  "direction": "right_to_left",
  "fixture": "simple_blog.sql",
  "styles": {
    "curved": {
      "edges": [
        {
          "control_points": [
            [
              549.0,
              166.74200439453125
            ],
            [
              549.0,
              105.0
            ]
          ],
          "end": [
            691.0,
            105.0
          ],
          "from": "comments",
          "from_columns": [
            "post_id"
          ],
          "is_self_loop": false,
          "label": "post_id",
          "label_x": 549.0,
          "label_y": 107.05899810791016,
          "nullable": false,
          "route_label_position": [
            549.0,
            135.87100219726563
          ],
          "source_side": "east",
          "start": [
            407.0,
            166.74200439453125
          ],
          "style": "Curved",
          "target_cardinality": "One",
          "target_side": "west",
          "to": "posts",
          "to_columns": [
            "id"
          ]
        },
        {
          "control_points": [
            [
              874.5,
              152.74200439453125
            ],
            [
              874.5,
              130.87100219726563
            ]
          ],
          "end": [
            1342.0,
            130.87100219726563
          ],
          "from": "comments",
          "from_columns": [
            "user_id"
          ],
          "is_self_loop": false,
          "label": "user_id",
          "label_x": 646.218017578125,
          "label_y": 152.74200439453125,
          "nullable": false,
          "route_label_position": [
            874.5,
            141.8070068359375
          ],
          "source_side": "east",
          "start": [
            407.0,
            152.74200439453125
          ],
          "style": "Curved",
          "target_cardinality": "One",
          "target_side": "west",
          "to": "users",
          "to_columns": [
            "id"
          ]
        },
        {
          "control_points": [
            [
              1200.0,
              127.0
            ],
            [
              1200.0,
              144.87100219726563
            ]
          ],
          "end": [
            1342.0,
            144.87100219726563
          ],
          "from": "posts",
          "from_columns": [
            "user_id"
          ],
          "is_self_loop": false,
          "label": "user_id",
          "label_x": 1240.623046875,
          "label_y": 156.8470001220703,
          "nullable": false,
          "route_label_position": [
            1200.0,
            135.93600463867188
          ],
          "source_side": "east",
          "start": [
            1058.0,
            127.0
          ],
          "style": "Curved",
          "target_cardinality": "One",
          "target_side": "west",
          "to": "users",
          "to_columns": [
            "id"
          ]
        }
      ],
      "nodes": [
        {
          "column_count": 5,
          "group_index": null,
          "has_self_loop": false,
          "height": 154.0,
          "id": "comments",
          "kind": "Table",
          "width": 349.0,
          "x": 56.0,
          "y": 77.74199676513672
        },
        {
          "column_count": 7,
          "group_index": null,
          "has_self_loop": false,
          "height": 198.0,
          "id": "posts",
          "kind": "Table",
          "width": 363.0,
          "x": 693.0,
          "y": 56.0
        },
        {
          "column_count": 4,
          "group_index": null,
          "has_self_loop": false,
          "height": 132.0,
          "id": "users",
          "kind": "Table",
          "width": 329.0,
          "x": 1344.0,
          "y": 88.87100219726563
        }
      ],
      "summary": {
        "edge_count": 3,
        "height": 310.0,
        "node_count": 3,
        "width": 1729.0
      }
    },
    "orthogonal": {
      "edges": [
        {
          "control_points": [
            [
              549.0,
              166.74200439453125
            ],
            [
              549.0,
              105.0
            ]
          ],
          "end": [
            691.0,
            105.0
          ],
          "from": "comments",
          "from_columns": [
            "post_id"
          ],
          "is_self_loop": false,
          "label": "post_id",
          "label_x": 549.0,
          "label_y": 107.05899810791016,
          "nullable": false,
          "route_label_position": [
            549.0,
            135.87100219726563
          ],
          "source_side": "east",
          "start": [
            407.0,
            166.74200439453125
          ],
          "style": "Orthogonal",
          "target_cardinality": "One",
          "target_side": "west",
          "to": "posts",
          "to_columns": [
            "id"
          ]
        },
        {
          "control_points": [
            [
              874.5,
              152.74200439453125
            ],
            [
              874.5,
              130.87100219726563
            ]
          ],
          "end": [
            1342.0,
            130.87100219726563
          ],
          "from": "comments",
          "from_columns": [
            "user_id"
          ],
          "is_self_loop": false,
          "label": "user_id",
          "label_x": 646.218017578125,
          "label_y": 152.74200439453125,
          "nullable": false,
          "route_label_position": [
            874.5,
            141.8070068359375
          ],
          "source_side": "east",
          "start": [
            407.0,
            152.74200439453125
          ],
          "style": "Orthogonal",
          "target_cardinality": "One",
          "target_side": "west",
          "to": "users",
          "to_columns": [
            "id"
          ]
        },
        {
          "control_points": [
            [
              1200.0,
              127.0
            ],
            [
              1200.0,
              144.87100219726563
            ]
          ],
          "end": [
            1342.0,
            144.87100219726563
          ],
          "from": "posts",
          "from_columns": [
            "user_id"
          ],
          "is_self_loop": false,
          "label": "user_id",
          "label_x": 1240.623046875,
          "label_y": 156.8470001220703,
          "nullable": false,
          "route_label_position": [
            1200.0,
            135.93600463867188
          ],
          "source_side": "east",
          "start": [
            1058.0,
            127.0
          ],
          "style": "Orthogonal",
          "target_cardinality": "One",
          "target_side": "west",
          "to": "users",
          "to_columns": [
            "id"
          ]
        }
      ],
      "nodes": [
        {
          "column_count": 5,
          "group_index": null,
          "has_self_loop": false,
          "height": 154.0,
          "id": "comments",
          "kind": "Table",
          "width": 349.0,
          "x": 56.0,
          "y": 77.74199676513672
        },
        {
          "column_count": 7,
          "group_index": null,
          "has_self_loop": false,
          "height": 198.0,
          "id": "posts",
          "kind": "Table",
          "width": 363.0,
          "x": 693.0,
          "y": 56.0
        },
        {
          "column_count": 4,
          "group_index": null,
          "has_self_loop": false,
          "height": 132.0,
          "id": "users",
          "kind": "Table",
          "width": 329.0,
          "x": 1344.0,
          "y": 88.87100219726563
        }
      ],
      "summary": {
        "edge_count": 3,
        "height": 310.0,
        "node_count": 3,
        "width": 1729.0
      }
    },
    "straight": {
      "edges": [
        {
          "control_points": [],
          "end": [
            691.0,
            105.0
          ],
          "from": "comments",
          "from_columns": [
            "post_id"
          ],
          "is_self_loop": false,
          "label": "post_id",
          "label_x": 620.0,
          "label_y": 120.43599700927734,
          "nullable": false,
          "route_label_position": [
            549.0,
            135.87100219726563
          ],
          "source_side": "east",
          "start": [
            407.0,
            166.74200439453125
          ],
          "style": "Straight",
          "target_cardinality": "One",
          "target_side": "west",
          "to": "posts",
          "to_columns": [
            "id"
          ]
        },
        {
          "control_points": [],
          "end": [
            1342.0,
            130.87100219726563
          ],
          "from": "comments",
          "from_columns": [
            "user_id"
          ],
          "is_self_loop": false,
          "label": "user_id",
          "label_x": 640.75,
          "label_y": 147.2740020751953,
          "nullable": false,
          "route_label_position": [
            874.5,
            141.8070068359375
          ],
          "source_side": "east",
          "start": [
            407.0,
            152.74200439453125
          ],
          "style": "Straight",
          "target_cardinality": "One",
          "target_side": "west",
          "to": "users",
          "to_columns": [
            "id"
          ]
        },
        {
          "control_points": [],
          "end": [
            1342.0,
            144.87100219726563
          ],
          "from": "posts",
          "from_columns": [
            "user_id"
          ],
          "is_self_loop": false,
          "label": "user_id",
          "label_x": 1269.4930419921875,
          "label_y": 164.3560028076172,
          "nullable": false,
          "route_label_position": [
            1200.0,
            135.93600463867188
          ],
          "source_side": "east",
          "start": [
            1058.0,
            127.0
          ],
          "style": "Straight",
          "target_cardinality": "One",
          "target_side": "west",
          "to": "users",
          "to_columns": [
            "id"
          ]
        }
      ],
      "nodes": [
        {
          "column_count": 5,
          "group_index": null,
          "has_self_loop": false,
          "height": 154.0,
          "id": "comments",
          "kind": "Table",
          "width": 349.0,
          "x": 56.0,
          "y": 77.74199676513672
        },
        {
          "column_count": 7,
          "group_index": null,
          "has_self_loop": false,
          "height": 198.0,
          "id": "posts",
          "kind": "Table",
          "width": 363.0,
          "x": 693.0,
          "y": 56.0
        },
        {
          "column_count": 4,
          "group_index": null,
          "has_self_loop": false,
          "height": 132.0,
          "id": "users",
          "kind": "Table",
          "width": 329.0,
          "x": 1344.0,
          "y": 88.87100219726563
        }
      ],
      "summary": {
        "edge_count": 3,
        "height": 310.0,
        "node_count": 3,
        "width": 1729.0
      }
    }
  }
}
