---
source: crates/relune-app/tests/layout_json_regression_matrix.rs
expression: snapshot
---
{
  "direction": "left_to_right",
  "fixture": "multi_schema.sql",
  "styles": {
    "curved": {
      "edges": [
        {
          "control_points": [
            [
              514.5999755859375,
              705.0
            ],
            [
              514.5999755859375,
              616.6079711914063
            ]
          ],
          "end": [
            387.0,
            616.6079711914063
          ],
          "from": "inventory.stock",
          "from_columns": [
            "product_id"
          ],
          "is_self_loop": false,
          "label": "product_id",
          "label_x": 514.5999755859375,
          "label_y": 660.8040161132813,
          "nullable": false,
          "route_label_position": [
            514.5999755859375,
            660.8040161132813
          ],
          "source_side": "west",
          "start": [
            642.2000122070313,
            705.0
          ],
          "style": "Curved",
          "target_cardinality": "One",
          "target_side": "east",
          "to": "inventory.products",
          "to_columns": [
            "id"
          ]
        },
        {
          "control_points": [
            [
              490.6000061035156,
              127.0
            ],
            [
              490.6000061035156,
              253.5
            ]
          ],
          "end": [
            387.0,
            253.5
          ],
          "from": "public.posts",
          "from_columns": [
            "author_id"
          ],
          "is_self_loop": false,
          "label": "author_id",
          "label_x": 490.6000061035156,
          "label_y": 166.25,
          "nullable": false,
          "route_label_position": [
            490.6000061035156,
            166.25
          ],
          "source_side": "west",
          "start": [
            642.2000122070313,
            127.0
          ],
          "style": "Curved",
          "target_cardinality": "One",
          "target_side": "east",
          "to": "public.users",
          "to_columns": [
            "id"
          ]
        },
        {
          "control_points": [
            [
              836.7000122070313,
              613.2160034179688
            ],
            [
              836.7000122070313,
              602.6079711914063
            ]
          ],
          "end": [
            387.0,
            602.6079711914063
          ],
          "from": "sales.order_items",
          "from_columns": [
            "product_id"
          ],
          "is_self_loop": false,
          "label": "product_id",
          "label_x": 836.7000122070313,
          "label_y": 607.9119873046875,
          "nullable": false,
          "route_label_position": [
            836.7000122070313,
            607.9119873046875
          ],
          "source_side": "west",
          "start": [
            1286.4000244140625,
            613.2160034179688
          ],
          "style": "Curved",
          "target_cardinality": "One",
          "target_side": "east",
          "to": "inventory.products",
          "to_columns": [
            "id"
          ]
        },
        {
          "control_points": [
            [
              1158.800048828125,
              591.2160034179688
            ],
            [
              1158.800048828125,
              390.0
            ]
          ],
          "end": [
            995.2000122070313,
            390.0
          ],
          "from": "sales.order_items",
          "from_columns": [
            "order_id"
          ],
          "is_self_loop": false,
          "label": "order_id",
          "label_x": 1158.800048828125,
          "label_y": 472.6080017089844,
          "nullable": false,
          "route_label_position": [
            1158.800048828125,
            472.6080017089844
          ],
          "source_side": "west",
          "start": [
            1286.4000244140625,
            591.2160034179688
          ],
          "style": "Curved",
          "target_cardinality": "One",
          "target_side": "east",
          "to": "sales.orders",
          "to_columns": [
            "id"
          ]
        },
        {
          "control_points": [
            [
              538.5999755859375,
              405.0
            ],
            [
              538.5999755859375,
              267.5
            ]
          ],
          "end": [
            387.0,
            267.5
          ],
          "from": "sales.orders",
          "from_columns": [
            "customer_id"
          ],
          "is_self_loop": false,
          "label": "customer_id",
          "label_x": 538.5999755859375,
          "label_y": 312.25,
          "nullable": false,
          "route_label_position": [
            538.5999755859375,
            312.25
          ],
          "source_side": "west",
          "start": [
            642.2000122070313,
            405.0
          ],
          "style": "Curved",
          "target_cardinality": "One",
          "target_side": "east",
          "to": "public.users",
          "to_columns": [
            "id"
          ]
        },
        {
          "control_points": [
            [
              1134.800048828125,
              269.21600341796875
            ],
            [
              1134.800048828125,
              376.0
            ]
          ],
          "end": [
            995.2000122070313,
            376.0
          ],
          "from": "sales.shipments",
          "from_columns": [
            "order_id"
          ],
          "is_self_loop": false,
          "label": "order_id",
          "label_x": 1134.800048828125,
          "label_y": 316.6080017089844,
          "nullable": false,
          "route_label_position": [
            1134.800048828125,
            316.6080017089844
          ],
          "source_side": "west",
          "start": [
            1286.4000244140625,
            269.21600341796875
          ],
          "style": "Curved",
          "target_cardinality": "One",
          "target_side": "east",
          "to": "sales.orders",
          "to_columns": [
            "id"
          ]
        }
      ],
      "nodes": [
        {
          "column_count": 8,
          "group_index": null,
          "has_self_loop": false,
          "height": 220.0,
          "id": "inventory.products",
          "kind": "Table",
          "width": 329.0,
          "x": 56.0,
          "y": 560.6079711914063
        },
        {
          "column_count": 6,
          "group_index": null,
          "has_self_loop": false,
          "height": 176.0,
          "id": "inventory.stock",
          "kind": "Table",
          "width": 385.0,
          "x": 644.2000122070313,
          "y": 634.0
        },
        {
          "column_count": 7,
          "group_index": null,
          "has_self_loop": false,
          "height": 198.0,
          "id": "public.posts",
          "kind": "Table",
          "width": 363.0,
          "x": 644.2000122070313,
          "y": 56.0
        },
        {
          "column_count": 6,
          "group_index": null,
          "has_self_loop": false,
          "height": 176.0,
          "id": "public.users",
          "kind": "Table",
          "width": 329.0,
          "x": 56.0,
          "y": 211.5
        },
        {
          "column_count": 7,
          "group_index": null,
          "has_self_loop": false,
          "height": 198.0,
          "id": "sales.order_items",
          "kind": "Table",
          "width": 349.0,
          "x": 1288.4000244140625,
          "y": 520.2160034179688
        },
        {
          "column_count": 8,
          "group_index": null,
          "has_self_loop": false,
          "height": 220.0,
          "id": "sales.orders",
          "kind": "Table",
          "width": 349.0,
          "x": 644.2000122070313,
          "y": 334.0
        },
        {
          "column_count": 9,
          "group_index": null,
          "has_self_loop": false,
          "height": 242.0,
          "id": "sales.shipments",
          "kind": "Table",
          "width": 363.0,
          "x": 1288.4000244140625,
          "y": 198.21600341796875
        }
      ],
      "summary": {
        "edge_count": 6,
        "height": 866.0,
        "node_count": 7,
        "width": 1707.4000244140625
      }
    },
    "orthogonal": {
      "edges": [
        {
          "control_points": [
            [
              514.5999755859375,
              705.0
            ],
            [
              514.5999755859375,
              616.6079711914063
            ]
          ],
          "end": [
            387.0,
            616.6079711914063
          ],
          "from": "inventory.stock",
          "from_columns": [
            "product_id"
          ],
          "is_self_loop": false,
          "label": "product_id",
          "label_x": 514.5999755859375,
          "label_y": 660.8040161132813,
          "nullable": false,
          "route_label_position": [
            514.5999755859375,
            660.8040161132813
          ],
          "source_side": "west",
          "start": [
            642.2000122070313,
            705.0
          ],
          "style": "Orthogonal",
          "target_cardinality": "One",
          "target_side": "east",
          "to": "inventory.products",
          "to_columns": [
            "id"
          ]
        },
        {
          "control_points": [
            [
              490.6000061035156,
              127.0
            ],
            [
              490.6000061035156,
              253.5
            ]
          ],
          "end": [
            387.0,
            253.5
          ],
          "from": "public.posts",
          "from_columns": [
            "author_id"
          ],
          "is_self_loop": false,
          "label": "author_id",
          "label_x": 490.6000061035156,
          "label_y": 166.25,
          "nullable": false,
          "route_label_position": [
            490.6000061035156,
            166.25
          ],
          "source_side": "west",
          "start": [
            642.2000122070313,
            127.0
          ],
          "style": "Orthogonal",
          "target_cardinality": "One",
          "target_side": "east",
          "to": "public.users",
          "to_columns": [
            "id"
          ]
        },
        {
          "control_points": [
            [
              836.7000122070313,
              613.2160034179688
            ],
            [
              836.7000122070313,
              602.6079711914063
            ]
          ],
          "end": [
            387.0,
            602.6079711914063
          ],
          "from": "sales.order_items",
          "from_columns": [
            "product_id"
          ],
          "is_self_loop": false,
          "label": "product_id",
          "label_x": 836.7000122070313,
          "label_y": 607.9119873046875,
          "nullable": false,
          "route_label_position": [
            836.7000122070313,
            607.9119873046875
          ],
          "source_side": "west",
          "start": [
            1286.4000244140625,
            613.2160034179688
          ],
          "style": "Orthogonal",
          "target_cardinality": "One",
          "target_side": "east",
          "to": "inventory.products",
          "to_columns": [
            "id"
          ]
        },
        {
          "control_points": [
            [
              1158.800048828125,
              591.2160034179688
            ],
            [
              1158.800048828125,
              390.0
            ]
          ],
          "end": [
            995.2000122070313,
            390.0
          ],
          "from": "sales.order_items",
          "from_columns": [
            "order_id"
          ],
          "is_self_loop": false,
          "label": "order_id",
          "label_x": 1158.800048828125,
          "label_y": 472.6080017089844,
          "nullable": false,
          "route_label_position": [
            1158.800048828125,
            472.6080017089844
          ],
          "source_side": "west",
          "start": [
            1286.4000244140625,
            591.2160034179688
          ],
          "style": "Orthogonal",
          "target_cardinality": "One",
          "target_side": "east",
          "to": "sales.orders",
          "to_columns": [
            "id"
          ]
        },
        {
          "control_points": [
            [
              538.5999755859375,
              405.0
            ],
            [
              538.5999755859375,
              267.5
            ]
          ],
          "end": [
            387.0,
            267.5
          ],
          "from": "sales.orders",
          "from_columns": [
            "customer_id"
          ],
          "is_self_loop": false,
          "label": "customer_id",
          "label_x": 538.5999755859375,
          "label_y": 312.25,
          "nullable": false,
          "route_label_position": [
            538.5999755859375,
            312.25
          ],
          "source_side": "west",
          "start": [
            642.2000122070313,
            405.0
          ],
          "style": "Orthogonal",
          "target_cardinality": "One",
          "target_side": "east",
          "to": "public.users",
          "to_columns": [
            "id"
          ]
        },
        {
          "control_points": [
            [
              1134.800048828125,
              269.21600341796875
            ],
            [
              1134.800048828125,
              376.0
            ]
          ],
          "end": [
            995.2000122070313,
            376.0
          ],
          "from": "sales.shipments",
          "from_columns": [
            "order_id"
          ],
          "is_self_loop": false,
          "label": "order_id",
          "label_x": 1134.800048828125,
          "label_y": 316.6080017089844,
          "nullable": false,
          "route_label_position": [
            1134.800048828125,
            316.6080017089844
          ],
          "source_side": "west",
          "start": [
            1286.4000244140625,
            269.21600341796875
          ],
          "style": "Orthogonal",
          "target_cardinality": "One",
          "target_side": "east",
          "to": "sales.orders",
          "to_columns": [
            "id"
          ]
        }
      ],
      "nodes": [
        {
          "column_count": 8,
          "group_index": null,
          "has_self_loop": false,
          "height": 220.0,
          "id": "inventory.products",
          "kind": "Table",
          "width": 329.0,
          "x": 56.0,
          "y": 560.6079711914063
        },
        {
          "column_count": 6,
          "group_index": null,
          "has_self_loop": false,
          "height": 176.0,
          "id": "inventory.stock",
          "kind": "Table",
          "width": 385.0,
          "x": 644.2000122070313,
          "y": 634.0
        },
        {
          "column_count": 7,
          "group_index": null,
          "has_self_loop": false,
          "height": 198.0,
          "id": "public.posts",
          "kind": "Table",
          "width": 363.0,
          "x": 644.2000122070313,
          "y": 56.0
        },
        {
          "column_count": 6,
          "group_index": null,
          "has_self_loop": false,
          "height": 176.0,
          "id": "public.users",
          "kind": "Table",
          "width": 329.0,
          "x": 56.0,
          "y": 211.5
        },
        {
          "column_count": 7,
          "group_index": null,
          "has_self_loop": false,
          "height": 198.0,
          "id": "sales.order_items",
          "kind": "Table",
          "width": 349.0,
          "x": 1288.4000244140625,
          "y": 520.2160034179688
        },
        {
          "column_count": 8,
          "group_index": null,
          "has_self_loop": false,
          "height": 220.0,
          "id": "sales.orders",
          "kind": "Table",
          "width": 349.0,
          "x": 644.2000122070313,
          "y": 334.0
        },
        {
          "column_count": 9,
          "group_index": null,
          "has_self_loop": false,
          "height": 242.0,
          "id": "sales.shipments",
          "kind": "Table",
          "width": 363.0,
          "x": 1288.4000244140625,
          "y": 198.21600341796875
        }
      ],
      "summary": {
        "edge_count": 6,
        "height": 866.0,
        "node_count": 7,
        "width": 1707.4000244140625
      }
    },
    "straight": {
      "edges": [
        {
          "control_points": [],
          "end": [
            387.0,
            616.6079711914063
          ],
          "from": "inventory.stock",
          "from_columns": [
            "product_id"
          ],
          "is_self_loop": false,
          "label": "product_id",
          "label_x": 514.5999755859375,
          "label_y": 660.8040161132813,
          "nullable": false,
          "route_label_position": [
            514.5999755859375,
            660.8040161132813
          ],
          "source_side": "west",
          "start": [
            642.2000122070313,
            705.0
          ],
          "style": "Straight",
          "target_cardinality": "One",
          "target_side": "east",
          "to": "inventory.products",
          "to_columns": [
            "id"
          ]
        },
        {
          "control_points": [],
          "end": [
            387.0,
            253.5
          ],
          "from": "public.posts",
          "from_columns": [
            "author_id"
          ],
          "is_self_loop": false,
          "label": "author_id",
          "label_x": 514.5999755859375,
          "label_y": 190.25,
          "nullable": false,
          "route_label_position": [
            514.5999755859375,
            190.25
          ],
          "source_side": "west",
          "start": [
            642.2000122070313,
            127.0
          ],
          "style": "Straight",
          "target_cardinality": "One",
          "target_side": "east",
          "to": "public.users",
          "to_columns": [
            "id"
          ]
        },
        {
          "control_points": [],
          "end": [
            387.0,
            602.6079711914063
          ],
          "from": "sales.order_items",
          "from_columns": [
            "product_id"
          ],
          "is_self_loop": false,
          "label": "product_id",
          "label_x": 836.7000122070313,
          "label_y": 607.9119873046875,
          "nullable": false,
          "route_label_position": [
            836.7000122070313,
            607.9119873046875
          ],
          "source_side": "west",
          "start": [
            1286.4000244140625,
            613.2160034179688
          ],
          "style": "Straight",
          "target_cardinality": "One",
          "target_side": "east",
          "to": "inventory.products",
          "to_columns": [
            "id"
          ]
        },
        {
          "control_points": [],
          "end": [
            995.2000122070313,
            390.0
          ],
          "from": "sales.order_items",
          "from_columns": [
            "order_id"
          ],
          "is_self_loop": false,
          "label": "order_id",
          "label_x": 1140.800048828125,
          "label_y": 490.6080017089844,
          "nullable": false,
          "route_label_position": [
            1140.800048828125,
            490.6080017089844
          ],
          "source_side": "west",
          "start": [
            1286.4000244140625,
            591.2160034179688
          ],
          "style": "Straight",
          "target_cardinality": "One",
          "target_side": "east",
          "to": "sales.orders",
          "to_columns": [
            "id"
          ]
        },
        {
          "control_points": [],
          "end": [
            387.0,
            267.5
          ],
          "from": "sales.orders",
          "from_columns": [
            "customer_id"
          ],
          "is_self_loop": false,
          "label": "customer_id",
          "label_x": 514.5999755859375,
          "label_y": 336.25,
          "nullable": false,
          "route_label_position": [
            514.5999755859375,
            336.25
          ],
          "source_side": "west",
          "start": [
            642.2000122070313,
            405.0
          ],
          "style": "Straight",
          "target_cardinality": "One",
          "target_side": "east",
          "to": "public.users",
          "to_columns": [
            "id"
          ]
        },
        {
          "control_points": [],
          "end": [
            995.2000122070313,
            376.0
          ],
          "from": "sales.shipments",
          "from_columns": [
            "order_id"
          ],
          "is_self_loop": false,
          "label": "order_id",
          "label_x": 1140.800048828125,
          "label_y": 322.6080017089844,
          "nullable": false,
          "route_label_position": [
            1140.800048828125,
            322.6080017089844
          ],
          "source_side": "west",
          "start": [
            1286.4000244140625,
            269.21600341796875
          ],
          "style": "Straight",
          "target_cardinality": "One",
          "target_side": "east",
          "to": "sales.orders",
          "to_columns": [
            "id"
          ]
        }
      ],
      "nodes": [
        {
          "column_count": 8,
          "group_index": null,
          "has_self_loop": false,
          "height": 220.0,
          "id": "inventory.products",
          "kind": "Table",
          "width": 329.0,
          "x": 56.0,
          "y": 560.6079711914063
        },
        {
          "column_count": 6,
          "group_index": null,
          "has_self_loop": false,
          "height": 176.0,
          "id": "inventory.stock",
          "kind": "Table",
          "width": 385.0,
          "x": 644.2000122070313,
          "y": 634.0
        },
        {
          "column_count": 7,
          "group_index": null,
          "has_self_loop": false,
          "height": 198.0,
          "id": "public.posts",
          "kind": "Table",
          "width": 363.0,
          "x": 644.2000122070313,
          "y": 56.0
        },
        {
          "column_count": 6,
          "group_index": null,
          "has_self_loop": false,
          "height": 176.0,
          "id": "public.users",
          "kind": "Table",
          "width": 329.0,
          "x": 56.0,
          "y": 211.5
        },
        {
          "column_count": 7,
          "group_index": null,
          "has_self_loop": false,
          "height": 198.0,
          "id": "sales.order_items",
          "kind": "Table",
          "width": 349.0,
          "x": 1288.4000244140625,
          "y": 520.2160034179688
        },
        {
          "column_count": 8,
          "group_index": null,
          "has_self_loop": false,
          "height": 220.0,
          "id": "sales.orders",
          "kind": "Table",
          "width": 349.0,
          "x": 644.2000122070313,
          "y": 334.0
        },
        {
          "column_count": 9,
          "group_index": null,
          "has_self_loop": false,
          "height": 242.0,
          "id": "sales.shipments",
          "kind": "Table",
          "width": 363.0,
          "x": 1288.4000244140625,
          "y": 198.21600341796875
        }
      ],
      "summary": {
        "edge_count": 6,
        "height": 866.0,
        "node_count": 7,
        "width": 1707.4000244140625
      }
    }
  }
}
