---
source: crates/relune-app/tests/layout_json_regression_matrix.rs
expression: snapshot
---
{
  "direction": "left_to_right",
  "fixture": "multi_schema.sql",
  "styles": {
    "curved": {
      "edges": [
        {
          "control_points": [
            [
              476.6000061035156,
              649.0
            ],
            [
              476.6000061035156,
              572.6270141601563
            ]
          ],
          "end": [
            349.0,
            572.6270141601563
          ],
          "from": "inventory.stock",
          "from_columns": [
            "product_id"
          ],
          "is_self_loop": false,
          "label": "product_id",
          "label_x": 476.6000061035156,
          "label_y": 610.81298828125,
          "nullable": false,
          "route_label_position": [
            476.6000061035156,
            610.81298828125
          ],
          "source_side": "west",
          "start": [
            604.2000122070313,
            649.0
          ],
          "style": "Curved",
          "target_cardinality": "One",
          "target_side": "east",
          "to": "inventory.products",
          "to_columns": [
            "id"
          ]
        },
        {
          "control_points": [
            [
              452.6000061035156,
              123.0
            ],
            [
              452.6000061035156,
              238.5
            ]
          ],
          "end": [
            349.0,
            238.5
          ],
          "from": "public.posts",
          "from_columns": [
            "author_id"
          ],
          "is_self_loop": false,
          "label": "author_id",
          "label_x": 452.6000061035156,
          "label_y": 156.75,
          "nullable": false,
          "route_label_position": [
            452.6000061035156,
            156.75
          ],
          "source_side": "west",
          "start": [
            604.2000122070313,
            123.0
          ],
          "style": "Curved",
          "target_cardinality": "One",
          "target_side": "east",
          "to": "public.users",
          "to_columns": [
            "id"
          ]
        },
        {
          "control_points": [
            [
              768.2000122070313,
              563.2529907226563
            ],
            [
              768.2000122070313,
              558.6270141601563
            ]
          ],
          "end": [
            349.0,
            558.6270141601563
          ],
          "from": "sales.order_items",
          "from_columns": [
            "product_id"
          ],
          "is_self_loop": false,
          "label": "product_id",
          "label_x": 768.2000122070313,
          "label_y": 560.9400024414063,
          "nullable": false,
          "route_label_position": [
            768.2000122070313,
            560.9400024414063
          ],
          "source_side": "west",
          "start": [
            1187.4000244140625,
            563.2529907226563
          ],
          "style": "Curved",
          "target_cardinality": "One",
          "target_side": "east",
          "to": "inventory.products",
          "to_columns": [
            "id"
          ]
        },
        {
          "control_points": [
            [
              1059.800048828125,
              545.2529907226563
            ],
            [
              1059.800048828125,
              366.0
            ]
          ],
          "end": [
            927.2000122070313,
            366.0
          ],
          "from": "sales.order_items",
          "from_columns": [
            "order_id"
          ],
          "is_self_loop": false,
          "label": "order_id",
          "label_x": 1059.800048828125,
          "label_y": 453.12701416015625,
          "nullable": false,
          "route_label_position": [
            1059.800048828125,
            453.12701416015625
          ],
          "source_side": "west",
          "start": [
            1187.4000244140625,
            545.2529907226563
          ],
          "style": "Curved",
          "target_cardinality": "One",
          "target_side": "east",
          "to": "sales.orders",
          "to_columns": [
            "id"
          ]
        },
        {
          "control_points": [
            [
              500.6000061035156,
              377.0
            ],
            [
              500.6000061035156,
              252.5
            ]
          ],
          "end": [
            349.0,
            252.5
          ],
          "from": "sales.orders",
          "from_columns": [
            "customer_id"
          ],
          "is_self_loop": false,
          "label": "customer_id",
          "label_x": 500.6000061035156,
          "label_y": 290.75,
          "nullable": false,
          "route_label_position": [
            500.6000061035156,
            290.75
          ],
          "source_side": "west",
          "start": [
            604.2000122070313,
            377.0
          ],
          "style": "Curved",
          "target_cardinality": "One",
          "target_side": "east",
          "to": "public.users",
          "to_columns": [
            "id"
          ]
        },
        {
          "control_points": [
            [
              1035.800048828125,
              255.2530059814453
            ],
            [
              1035.800048828125,
              352.0
            ]
          ],
          "end": [
            927.2000122070313,
            352.0
          ],
          "from": "sales.shipments",
          "from_columns": [
            "order_id"
          ],
          "is_self_loop": false,
          "label": "order_id",
          "label_x": 1035.800048828125,
          "label_y": 282.12701416015625,
          "nullable": false,
          "route_label_position": [
            1035.800048828125,
            282.12701416015625
          ],
          "source_side": "west",
          "start": [
            1187.4000244140625,
            255.2530059814453
          ],
          "style": "Curved",
          "target_cardinality": "One",
          "target_side": "east",
          "to": "sales.orders",
          "to_columns": [
            "id"
          ]
        }
      ],
      "nodes": [
        {
          "column_count": 8,
          "group_index": null,
          "has_self_loop": false,
          "height": 192.0,
          "id": "inventory.products",
          "kind": "Table",
          "width": 291.0,
          "x": 56.0,
          "y": 516.6270141601563
        },
        {
          "column_count": 6,
          "group_index": null,
          "has_self_loop": false,
          "height": 156.0,
          "id": "inventory.stock",
          "kind": "Table",
          "width": 324.0,
          "x": 606.2000122070313,
          "y": 582.0
        },
        {
          "column_count": 7,
          "group_index": null,
          "has_self_loop": false,
          "height": 174.0,
          "id": "public.posts",
          "kind": "Table",
          "width": 305.0,
          "x": 606.2000122070313,
          "y": 56.0
        },
        {
          "column_count": 6,
          "group_index": null,
          "has_self_loop": false,
          "height": 156.0,
          "id": "public.users",
          "kind": "Table",
          "width": 291.0,
          "x": 56.0,
          "y": 196.5
        },
        {
          "column_count": 7,
          "group_index": null,
          "has_self_loop": false,
          "height": 174.0,
          "id": "sales.order_items",
          "kind": "Table",
          "width": 291.0,
          "x": 1189.4000244140625,
          "y": 478.25299072265625
        },
        {
          "column_count": 8,
          "group_index": null,
          "has_self_loop": false,
          "height": 192.0,
          "id": "sales.orders",
          "kind": "Table",
          "width": 319.0,
          "x": 606.2000122070313,
          "y": 310.0
        },
        {
          "column_count": 9,
          "group_index": null,
          "has_self_loop": false,
          "height": 210.0,
          "id": "sales.shipments",
          "kind": "Table",
          "width": 305.0,
          "x": 1189.4000244140625,
          "y": 188.2530059814453
        }
      ],
      "summary": {
        "edge_count": 6,
        "height": 794.0,
        "node_count": 7,
        "width": 1550.4000244140625
      }
    },
    "orthogonal": {
      "edges": [
        {
          "control_points": [
            [
              476.6000061035156,
              649.0
            ],
            [
              476.6000061035156,
              572.6270141601563
            ]
          ],
          "end": [
            349.0,
            572.6270141601563
          ],
          "from": "inventory.stock",
          "from_columns": [
            "product_id"
          ],
          "is_self_loop": false,
          "label": "product_id",
          "label_x": 476.6000061035156,
          "label_y": 610.81298828125,
          "nullable": false,
          "route_label_position": [
            476.6000061035156,
            610.81298828125
          ],
          "source_side": "west",
          "start": [
            604.2000122070313,
            649.0
          ],
          "style": "Orthogonal",
          "target_cardinality": "One",
          "target_side": "east",
          "to": "inventory.products",
          "to_columns": [
            "id"
          ]
        },
        {
          "control_points": [
            [
              452.6000061035156,
              123.0
            ],
            [
              452.6000061035156,
              238.5
            ]
          ],
          "end": [
            349.0,
            238.5
          ],
          "from": "public.posts",
          "from_columns": [
            "author_id"
          ],
          "is_self_loop": false,
          "label": "author_id",
          "label_x": 452.6000061035156,
          "label_y": 156.75,
          "nullable": false,
          "route_label_position": [
            452.6000061035156,
            156.75
          ],
          "source_side": "west",
          "start": [
            604.2000122070313,
            123.0
          ],
          "style": "Orthogonal",
          "target_cardinality": "One",
          "target_side": "east",
          "to": "public.users",
          "to_columns": [
            "id"
          ]
        },
        {
          "control_points": [
            [
              768.2000122070313,
              563.2529907226563
            ],
            [
              768.2000122070313,
              558.6270141601563
            ]
          ],
          "end": [
            349.0,
            558.6270141601563
          ],
          "from": "sales.order_items",
          "from_columns": [
            "product_id"
          ],
          "is_self_loop": false,
          "label": "product_id",
          "label_x": 768.2000122070313,
          "label_y": 560.9400024414063,
          "nullable": false,
          "route_label_position": [
            768.2000122070313,
            560.9400024414063
          ],
          "source_side": "west",
          "start": [
            1187.4000244140625,
            563.2529907226563
          ],
          "style": "Orthogonal",
          "target_cardinality": "One",
          "target_side": "east",
          "to": "inventory.products",
          "to_columns": [
            "id"
          ]
        },
        {
          "control_points": [
            [
              1059.800048828125,
              545.2529907226563
            ],
            [
              1059.800048828125,
              366.0
            ]
          ],
          "end": [
            927.2000122070313,
            366.0
          ],
          "from": "sales.order_items",
          "from_columns": [
            "order_id"
          ],
          "is_self_loop": false,
          "label": "order_id",
          "label_x": 1059.800048828125,
          "label_y": 453.12701416015625,
          "nullable": false,
          "route_label_position": [
            1059.800048828125,
            453.12701416015625
          ],
          "source_side": "west",
          "start": [
            1187.4000244140625,
            545.2529907226563
          ],
          "style": "Orthogonal",
          "target_cardinality": "One",
          "target_side": "east",
          "to": "sales.orders",
          "to_columns": [
            "id"
          ]
        },
        {
          "control_points": [
            [
              500.6000061035156,
              377.0
            ],
            [
              500.6000061035156,
              252.5
            ]
          ],
          "end": [
            349.0,
            252.5
          ],
          "from": "sales.orders",
          "from_columns": [
            "customer_id"
          ],
          "is_self_loop": false,
          "label": "customer_id",
          "label_x": 500.6000061035156,
          "label_y": 290.75,
          "nullable": false,
          "route_label_position": [
            500.6000061035156,
            290.75
          ],
          "source_side": "west",
          "start": [
            604.2000122070313,
            377.0
          ],
          "style": "Orthogonal",
          "target_cardinality": "One",
          "target_side": "east",
          "to": "public.users",
          "to_columns": [
            "id"
          ]
        },
        {
          "control_points": [
            [
              1035.800048828125,
              255.2530059814453
            ],
            [
              1035.800048828125,
              352.0
            ]
          ],
          "end": [
            927.2000122070313,
            352.0
          ],
          "from": "sales.shipments",
          "from_columns": [
            "order_id"
          ],
          "is_self_loop": false,
          "label": "order_id",
          "label_x": 1035.800048828125,
          "label_y": 282.12701416015625,
          "nullable": false,
          "route_label_position": [
            1035.800048828125,
            282.12701416015625
          ],
          "source_side": "west",
          "start": [
            1187.4000244140625,
            255.2530059814453
          ],
          "style": "Orthogonal",
          "target_cardinality": "One",
          "target_side": "east",
          "to": "sales.orders",
          "to_columns": [
            "id"
          ]
        }
      ],
      "nodes": [
        {
          "column_count": 8,
          "group_index": null,
          "has_self_loop": false,
          "height": 192.0,
          "id": "inventory.products",
          "kind": "Table",
          "width": 291.0,
          "x": 56.0,
          "y": 516.6270141601563
        },
        {
          "column_count": 6,
          "group_index": null,
          "has_self_loop": false,
          "height": 156.0,
          "id": "inventory.stock",
          "kind": "Table",
          "width": 324.0,
          "x": 606.2000122070313,
          "y": 582.0
        },
        {
          "column_count": 7,
          "group_index": null,
          "has_self_loop": false,
          "height": 174.0,
          "id": "public.posts",
          "kind": "Table",
          "width": 305.0,
          "x": 606.2000122070313,
          "y": 56.0
        },
        {
          "column_count": 6,
          "group_index": null,
          "has_self_loop": false,
          "height": 156.0,
          "id": "public.users",
          "kind": "Table",
          "width": 291.0,
          "x": 56.0,
          "y": 196.5
        },
        {
          "column_count": 7,
          "group_index": null,
          "has_self_loop": false,
          "height": 174.0,
          "id": "sales.order_items",
          "kind": "Table",
          "width": 291.0,
          "x": 1189.4000244140625,
          "y": 478.25299072265625
        },
        {
          "column_count": 8,
          "group_index": null,
          "has_self_loop": false,
          "height": 192.0,
          "id": "sales.orders",
          "kind": "Table",
          "width": 319.0,
          "x": 606.2000122070313,
          "y": 310.0
        },
        {
          "column_count": 9,
          "group_index": null,
          "has_self_loop": false,
          "height": 210.0,
          "id": "sales.shipments",
          "kind": "Table",
          "width": 305.0,
          "x": 1189.4000244140625,
          "y": 188.2530059814453
        }
      ],
      "summary": {
        "edge_count": 6,
        "height": 794.0,
        "node_count": 7,
        "width": 1550.4000244140625
      }
    },
    "straight": {
      "edges": [
        {
          "control_points": [],
          "end": [
            349.0,
            572.6270141601563
          ],
          "from": "inventory.stock",
          "from_columns": [
            "product_id"
          ],
          "is_self_loop": false,
          "label": "product_id",
          "label_x": 476.6000061035156,
          "label_y": 610.81298828125,
          "nullable": false,
          "route_label_position": [
            476.6000061035156,
            610.81298828125
          ],
          "source_side": "west",
          "start": [
            604.2000122070313,
            649.0
          ],
          "style": "Straight",
          "target_cardinality": "One",
          "target_side": "east",
          "to": "inventory.products",
          "to_columns": [
            "id"
          ]
        },
        {
          "control_points": [],
          "end": [
            349.0,
            238.5
          ],
          "from": "public.posts",
          "from_columns": [
            "author_id"
          ],
          "is_self_loop": false,
          "label": "author_id",
          "label_x": 476.6000061035156,
          "label_y": 180.75,
          "nullable": false,
          "route_label_position": [
            476.6000061035156,
            180.75
          ],
          "source_side": "west",
          "start": [
            604.2000122070313,
            123.0
          ],
          "style": "Straight",
          "target_cardinality": "One",
          "target_side": "east",
          "to": "public.users",
          "to_columns": [
            "id"
          ]
        },
        {
          "control_points": [],
          "end": [
            349.0,
            558.6270141601563
          ],
          "from": "sales.order_items",
          "from_columns": [
            "product_id"
          ],
          "is_self_loop": false,
          "label": "product_id",
          "label_x": 768.2000122070313,
          "label_y": 560.9400024414063,
          "nullable": false,
          "route_label_position": [
            768.2000122070313,
            560.9400024414063
          ],
          "source_side": "west",
          "start": [
            1187.4000244140625,
            563.2529907226563
          ],
          "style": "Straight",
          "target_cardinality": "One",
          "target_side": "east",
          "to": "inventory.products",
          "to_columns": [
            "id"
          ]
        },
        {
          "control_points": [],
          "end": [
            927.2000122070313,
            366.0
          ],
          "from": "sales.order_items",
          "from_columns": [
            "order_id"
          ],
          "is_self_loop": false,
          "label": "order_id",
          "label_x": 1057.300048828125,
          "label_y": 455.62701416015625,
          "nullable": false,
          "route_label_position": [
            1057.300048828125,
            455.62701416015625
          ],
          "source_side": "west",
          "start": [
            1187.4000244140625,
            545.2529907226563
          ],
          "style": "Straight",
          "target_cardinality": "One",
          "target_side": "east",
          "to": "sales.orders",
          "to_columns": [
            "id"
          ]
        },
        {
          "control_points": [],
          "end": [
            349.0,
            252.5
          ],
          "from": "sales.orders",
          "from_columns": [
            "customer_id"
          ],
          "is_self_loop": false,
          "label": "customer_id",
          "label_x": 476.6000061035156,
          "label_y": 314.75,
          "nullable": false,
          "route_label_position": [
            476.6000061035156,
            314.75
          ],
          "source_side": "west",
          "start": [
            604.2000122070313,
            377.0
          ],
          "style": "Straight",
          "target_cardinality": "One",
          "target_side": "east",
          "to": "public.users",
          "to_columns": [
            "id"
          ]
        },
        {
          "control_points": [],
          "end": [
            927.2000122070313,
            352.0
          ],
          "from": "sales.shipments",
          "from_columns": [
            "order_id"
          ],
          "is_self_loop": false,
          "label": "order_id",
          "label_x": 1057.300048828125,
          "label_y": 303.62701416015625,
          "nullable": false,
          "route_label_position": [
            1057.300048828125,
            303.62701416015625
          ],
          "source_side": "west",
          "start": [
            1187.4000244140625,
            255.2530059814453
          ],
          "style": "Straight",
          "target_cardinality": "One",
          "target_side": "east",
          "to": "sales.orders",
          "to_columns": [
            "id"
          ]
        }
      ],
      "nodes": [
        {
          "column_count": 8,
          "group_index": null,
          "has_self_loop": false,
          "height": 192.0,
          "id": "inventory.products",
          "kind": "Table",
          "width": 291.0,
          "x": 56.0,
          "y": 516.6270141601563
        },
        {
          "column_count": 6,
          "group_index": null,
          "has_self_loop": false,
          "height": 156.0,
          "id": "inventory.stock",
          "kind": "Table",
          "width": 324.0,
          "x": 606.2000122070313,
          "y": 582.0
        },
        {
          "column_count": 7,
          "group_index": null,
          "has_self_loop": false,
          "height": 174.0,
          "id": "public.posts",
          "kind": "Table",
          "width": 305.0,
          "x": 606.2000122070313,
          "y": 56.0
        },
        {
          "column_count": 6,
          "group_index": null,
          "has_self_loop": false,
          "height": 156.0,
          "id": "public.users",
          "kind": "Table",
          "width": 291.0,
          "x": 56.0,
          "y": 196.5
        },
        {
          "column_count": 7,
          "group_index": null,
          "has_self_loop": false,
          "height": 174.0,
          "id": "sales.order_items",
          "kind": "Table",
          "width": 291.0,
          "x": 1189.4000244140625,
          "y": 478.25299072265625
        },
        {
          "column_count": 8,
          "group_index": null,
          "has_self_loop": false,
          "height": 192.0,
          "id": "sales.orders",
          "kind": "Table",
          "width": 319.0,
          "x": 606.2000122070313,
          "y": 310.0
        },
        {
          "column_count": 9,
          "group_index": null,
          "has_self_loop": false,
          "height": 210.0,
          "id": "sales.shipments",
          "kind": "Table",
          "width": 305.0,
          "x": 1189.4000244140625,
          "y": 188.2530059814453
        }
      ],
      "summary": {
        "edge_count": 6,
        "height": 794.0,
        "node_count": 7,
        "width": 1550.4000244140625
      }
    }
  }
}
