---
source: crates/relune-app/tests/layout_json_regression_matrix.rs
expression: snapshot
---
{
  "direction": "left_to_right",
  "fixture": "cyclic_fk.sql",
  "styles": {
    "curved": {
      "edges": [
        {
          "control_points": [
            [
              2265.60009765625,
              111.0
            ],
            [
              2265.60009765625,
              221.0
            ]
          ],
          "end": [
            2229.60009765625,
            221.0
          ],
          "from": "categories",
          "from_columns": [
            "parent_id"
          ],
          "is_self_loop": true,
          "label": "parent_id",
          "label_x": 2277.60009765625,
          "label_y": 166.0,
          "nullable": true,
          "route_label_position": [
            2265.60009765625,
            166.0
          ],
          "source_side": "east",
          "start": [
            2229.60009765625,
            111.0
          ],
          "style": "Curved",
          "target_cardinality": "One",
          "target_side": "east",
          "to": "categories",
          "to_columns": [
            "id"
          ]
        },
        {
          "control_points": [
            [
              433.0,
              149.0
            ],
            [
              433.0,
              212.0
            ],
            [
              1244.4000244140625,
              212.0
            ],
            [
              1244.4000244140625,
              105.0
            ]
          ],
          "end": [
            1270.4000244140625,
            105.0
          ],
          "from": "cycle_a",
          "from_columns": [
            "cycle_c_id"
          ],
          "is_self_loop": false,
          "label": "cycle_c_id",
          "label_x": 860.7000122070313,
          "label_y": 212.0,
          "nullable": true,
          "route_label_position": [
            860.7000122070313,
            212.0
          ],
          "source_side": "east",
          "start": [
            407.0,
            149.0
          ],
          "style": "Curved",
          "target_cardinality": "One",
          "target_side": "west",
          "to": "cycle_c",
          "to_columns": [
            "id"
          ]
        },
        {
          "control_points": [
            [
              510.6000061035156,
              149.0
            ],
            [
              510.6000061035156,
              105.0
            ]
          ],
          "end": [
            407.0,
            105.0
          ],
          "from": "cycle_b",
          "from_columns": [
            "cycle_a_id"
          ],
          "is_self_loop": false,
          "label": "cycle_a_id",
          "label_x": 512.5999755859375,
          "label_y": 149.0,
          "nullable": true,
          "route_label_position": [
            512.5999755859375,
            149.0
          ],
          "source_side": "west",
          "start": [
            662.2000122070313,
            149.0
          ],
          "style": "Curved",
          "target_cardinality": "One",
          "target_side": "east",
          "to": "cycle_a",
          "to_columns": [
            "id"
          ]
        },
        {
          "control_points": [
            [
              1142.800048828125,
              149.0
            ],
            [
              1142.800048828125,
              105.0
            ]
          ],
          "end": [
            1015.2000122070313,
            105.0
          ],
          "from": "cycle_c",
          "from_columns": [
            "cycle_b_id"
          ],
          "is_self_loop": false,
          "label": "cycle_b_id",
          "label_x": 1142.800048828125,
          "label_y": 127.0,
          "nullable": true,
          "route_label_position": [
            1142.800048828125,
            127.0
          ],
          "source_side": "west",
          "start": [
            1270.4000244140625,
            149.0
          ],
          "style": "Curved",
          "target_cardinality": "One",
          "target_side": "east",
          "to": "cycle_b",
          "to_columns": [
            "id"
          ]
        },
        {
          "control_points": [
            [
              534.5999755859375,
              617.0
            ],
            [
              534.5999755859375,
              551.0
            ]
          ],
          "end": [
            662.2000122070313,
            551.0
          ],
          "from": "departments",
          "from_columns": [
            "lead_project_id"
          ],
          "is_self_loop": false,
          "label": "fk_departments_lead_project",
          "label_x": 526.7269897460938,
          "label_y": 492.9110107421875,
          "nullable": true,
          "route_label_position": [
            534.5999755859375,
            584.0
          ],
          "source_side": "east",
          "start": [
            407.0,
            617.0
          ],
          "style": "Curved",
          "target_cardinality": "One",
          "target_side": "west",
          "to": "projects",
          "to_columns": [
            "id"
          ]
        },
        {
          "control_points": [
            [
              362.0,
              835.0
            ],
            [
              362.0,
              945.0
            ]
          ],
          "end": [
            326.0,
            945.0
          ],
          "from": "employees",
          "from_columns": [
            "manager_id"
          ],
          "is_self_loop": true,
          "label": "manager_id",
          "label_x": 374.0,
          "label_y": 890.0,
          "nullable": true,
          "route_label_position": [
            362.0,
            890.0
          ],
          "source_side": "east",
          "start": [
            326.0,
            835.0
          ],
          "style": "Curved",
          "target_cardinality": "One",
          "target_side": "east",
          "to": "employees",
          "to_columns": [
            "id"
          ]
        },
        {
          "control_points": [
            [
              558.5999755859375,
              372.0
            ],
            [
              558.5999755859375,
              317.0
            ]
          ],
          "end": [
            407.0,
            317.0
          ],
          "from": "organizations_ref",
          "from_columns": [
            "owner_user_id"
          ],
          "is_self_loop": false,
          "label": "owner_user_id",
          "label_x": 558.5999755859375,
          "label_y": 320.5,
          "nullable": false,
          "route_label_position": [
            558.5999755859375,
            320.5
          ],
          "source_side": "west",
          "start": [
            662.2000122070313,
            372.0
          ],
          "style": "Curved",
          "target_cardinality": "One",
          "target_side": "east",
          "to": "users",
          "to_columns": [
            "id"
          ]
        },
        {
          "control_points": [
            [
              2265.60009765625,
              394.5
            ],
            [
              2265.60009765625,
              471.5
            ]
          ],
          "end": [
            2229.60009765625,
            471.5
          ],
          "from": "organizations",
          "from_columns": [
            "parent_org_id"
          ],
          "is_self_loop": true,
          "label": "parent_org_id",
          "label_x": 2289.60009765625,
          "label_y": 433.0,
          "nullable": true,
          "route_label_position": [
            2265.60009765625,
            433.0
          ],
          "source_side": "east",
          "start": [
            2229.60009765625,
            394.5
          ],
          "style": "Curved",
          "target_cardinality": "One",
          "target_side": "east",
          "to": "organizations",
          "to_columns": [
            "id"
          ]
        },
        {
          "control_points": [
            [
              534.5999755859375,
              595.0
            ],
            [
              534.5999755859375,
              573.0
            ]
          ],
          "end": [
            407.0,
            573.0
          ],
          "from": "projects",
          "from_columns": [
            "department_id"
          ],
          "is_self_loop": false,
          "label": "department_id",
          "label_x": 491.9729919433594,
          "label_y": 525.177001953125,
          "nullable": false,
          "route_label_position": [
            534.5999755859375,
            584.0
          ],
          "source_side": "west",
          "start": [
            662.2000122070313,
            595.0
          ],
          "style": "Curved",
          "target_cardinality": "One",
          "target_side": "east",
          "to": "departments",
          "to_columns": [
            "id"
          ]
        },
        {
          "control_points": [
            [
              1118.800048828125,
              372.0
            ],
            [
              1118.800048828125,
              328.0
            ]
          ],
          "end": [
            991.2000122070313,
            328.0
          ],
          "from": "teams",
          "from_columns": [
            "organization_id"
          ],
          "is_self_loop": false,
          "label": "fk_teams_organization",
          "label_x": 1118.800048828125,
          "label_y": 362.0,
          "nullable": false,
          "route_label_position": [
            1118.800048828125,
            362.0
          ],
          "source_side": "west",
          "start": [
            1270.4000244140625,
            372.0
          ],
          "style": "Curved",
          "target_cardinality": "One",
          "target_side": "east",
          "to": "organizations_ref",
          "to_columns": [
            "id"
          ]
        },
        {
          "control_points": [
            [
              2265.60009765625,
              639.5
            ],
            [
              2265.60009765625,
              738.5
            ]
          ],
          "end": [
            2229.60009765625,
            738.5
          ],
          "from": "threaded_comments",
          "from_columns": [
            "parent_comment_id"
          ],
          "is_self_loop": true,
          "label": "parent_comment_id",
          "label_x": 2301.60009765625,
          "label_y": 689.0,
          "nullable": true,
          "route_label_position": [
            2265.60009765625,
            689.0
          ],
          "source_side": "east",
          "start": [
            2229.60009765625,
            639.5
          ],
          "style": "Curved",
          "target_cardinality": "One",
          "target_side": "east",
          "to": "threaded_comments",
          "to_columns": [
            "id"
          ]
        },
        {
          "control_points": [
            [
              433.0,
              383.0
            ],
            [
              433.0,
              446.0
            ],
            [
              1244.4000244140625,
              446.0
            ],
            [
              1244.4000244140625,
              328.0
            ]
          ],
          "end": [
            1270.4000244140625,
            328.0
          ],
          "from": "users",
          "from_columns": [
            "default_team_id"
          ],
          "is_self_loop": false,
          "label": "fk_users_default_team",
          "label_x": 866.2000122070313,
          "label_y": 446.0,
          "nullable": true,
          "route_label_position": [
            866.2000122070313,
            446.0
          ],
          "source_side": "east",
          "start": [
            407.0,
            383.0
          ],
          "style": "Curved",
          "target_cardinality": "One",
          "target_side": "west",
          "to": "teams",
          "to_columns": [
            "id"
          ]
        }
      ],
      "nodes": [
        {
          "column_count": 8,
          "group_index": null,
          "has_self_loop": true,
          "height": 220.0,
          "id": "categories",
          "kind": "Table",
          "width": 349.0,
          "x": 1880.5999755859375,
          "y": 56.0
        },
        {
          "column_count": 4,
          "group_index": null,
          "has_self_loop": false,
          "height": 132.0,
          "id": "cycle_a",
          "kind": "Table",
          "width": 349.0,
          "x": 56.0,
          "y": 56.0
        },
        {
          "column_count": 4,
          "group_index": null,
          "has_self_loop": false,
          "height": 132.0,
          "id": "cycle_b",
          "kind": "Table",
          "width": 349.0,
          "x": 664.2000122070313,
          "y": 56.0
        },
        {
          "column_count": 4,
          "group_index": null,
          "has_self_loop": false,
          "height": 132.0,
          "id": "cycle_c",
          "kind": "Table",
          "width": 349.0,
          "x": 1272.4000244140625,
          "y": 56.0
        },
        {
          "column_count": 5,
          "group_index": null,
          "has_self_loop": false,
          "height": 154.0,
          "id": "departments",
          "kind": "Table",
          "width": 349.0,
          "x": 56.0,
          "y": 524.0
        },
        {
          "column_count": 8,
          "group_index": null,
          "has_self_loop": true,
          "height": 220.0,
          "id": "employees",
          "kind": "Table",
          "width": 270.0,
          "x": 56.0,
          "y": 780.0
        },
        {
          "column_count": 5,
          "group_index": null,
          "has_self_loop": true,
          "height": 154.0,
          "id": "organizations",
          "kind": "Table",
          "width": 349.0,
          "x": 1880.5999755859375,
          "y": 356.0
        },
        {
          "column_count": 4,
          "group_index": null,
          "has_self_loop": false,
          "height": 132.0,
          "id": "organizations_ref",
          "kind": "Table",
          "width": 325.0,
          "x": 664.2000122070313,
          "y": 279.0
        },
        {
          "column_count": 7,
          "group_index": null,
          "has_self_loop": false,
          "height": 198.0,
          "id": "projects",
          "kind": "Table",
          "width": 349.0,
          "x": 664.2000122070313,
          "y": 502.0
        },
        {
          "column_count": 4,
          "group_index": null,
          "has_self_loop": false,
          "height": 132.0,
          "id": "teams",
          "kind": "Table",
          "width": 325.0,
          "x": 1272.4000244140625,
          "y": 279.0
        },
        {
          "column_count": 7,
          "group_index": null,
          "has_self_loop": true,
          "height": 198.0,
          "id": "threaded_comments",
          "kind": "Table",
          "width": 349.0,
          "x": 1880.5999755859375,
          "y": 590.0
        },
        {
          "column_count": 5,
          "group_index": null,
          "has_self_loop": false,
          "height": 154.0,
          "id": "users",
          "kind": "Table",
          "width": 349.0,
          "x": 56.0,
          "y": 268.0
        }
      ],
      "summary": {
        "edge_count": 12,
        "height": 1056.0,
        "node_count": 12,
        "width": 2369.0
      }
    },
    "orthogonal": {
      "edges": [
        {
          "control_points": [
            [
              2265.60009765625,
              111.0
            ],
            [
              2265.60009765625,
              221.0
            ]
          ],
          "end": [
            2229.60009765625,
            221.0
          ],
          "from": "categories",
          "from_columns": [
            "parent_id"
          ],
          "is_self_loop": true,
          "label": "parent_id",
          "label_x": 2277.60009765625,
          "label_y": 166.0,
          "nullable": true,
          "route_label_position": [
            2265.60009765625,
            166.0
          ],
          "source_side": "east",
          "start": [
            2229.60009765625,
            111.0
          ],
          "style": "Orthogonal",
          "target_cardinality": "One",
          "target_side": "east",
          "to": "categories",
          "to_columns": [
            "id"
          ]
        },
        {
          "control_points": [
            [
              433.0,
              149.0
            ],
            [
              433.0,
              212.0
            ],
            [
              1244.4000244140625,
              212.0
            ],
            [
              1244.4000244140625,
              105.0
            ]
          ],
          "end": [
            1270.4000244140625,
            105.0
          ],
          "from": "cycle_a",
          "from_columns": [
            "cycle_c_id"
          ],
          "is_self_loop": false,
          "label": "cycle_c_id",
          "label_x": 860.7000122070313,
          "label_y": 212.0,
          "nullable": true,
          "route_label_position": [
            860.7000122070313,
            212.0
          ],
          "source_side": "east",
          "start": [
            407.0,
            149.0
          ],
          "style": "Orthogonal",
          "target_cardinality": "One",
          "target_side": "west",
          "to": "cycle_c",
          "to_columns": [
            "id"
          ]
        },
        {
          "control_points": [
            [
              510.6000061035156,
              149.0
            ],
            [
              510.6000061035156,
              105.0
            ]
          ],
          "end": [
            407.0,
            105.0
          ],
          "from": "cycle_b",
          "from_columns": [
            "cycle_a_id"
          ],
          "is_self_loop": false,
          "label": "cycle_a_id",
          "label_x": 512.5999755859375,
          "label_y": 149.0,
          "nullable": true,
          "route_label_position": [
            512.5999755859375,
            149.0
          ],
          "source_side": "west",
          "start": [
            662.2000122070313,
            149.0
          ],
          "style": "Orthogonal",
          "target_cardinality": "One",
          "target_side": "east",
          "to": "cycle_a",
          "to_columns": [
            "id"
          ]
        },
        {
          "control_points": [
            [
              1142.800048828125,
              149.0
            ],
            [
              1142.800048828125,
              105.0
            ]
          ],
          "end": [
            1015.2000122070313,
            105.0
          ],
          "from": "cycle_c",
          "from_columns": [
            "cycle_b_id"
          ],
          "is_self_loop": false,
          "label": "cycle_b_id",
          "label_x": 1142.800048828125,
          "label_y": 127.0,
          "nullable": true,
          "route_label_position": [
            1142.800048828125,
            127.0
          ],
          "source_side": "west",
          "start": [
            1270.4000244140625,
            149.0
          ],
          "style": "Orthogonal",
          "target_cardinality": "One",
          "target_side": "east",
          "to": "cycle_b",
          "to_columns": [
            "id"
          ]
        },
        {
          "control_points": [
            [
              534.5999755859375,
              617.0
            ],
            [
              534.5999755859375,
              551.0
            ]
          ],
          "end": [
            662.2000122070313,
            551.0
          ],
          "from": "departments",
          "from_columns": [
            "lead_project_id"
          ],
          "is_self_loop": false,
          "label": "fk_departments_lead_project",
          "label_x": 526.7269897460938,
          "label_y": 492.9110107421875,
          "nullable": true,
          "route_label_position": [
            534.5999755859375,
            584.0
          ],
          "source_side": "east",
          "start": [
            407.0,
            617.0
          ],
          "style": "Orthogonal",
          "target_cardinality": "One",
          "target_side": "west",
          "to": "projects",
          "to_columns": [
            "id"
          ]
        },
        {
          "control_points": [
            [
              362.0,
              835.0
            ],
            [
              362.0,
              945.0
            ]
          ],
          "end": [
            326.0,
            945.0
          ],
          "from": "employees",
          "from_columns": [
            "manager_id"
          ],
          "is_self_loop": true,
          "label": "manager_id",
          "label_x": 374.0,
          "label_y": 890.0,
          "nullable": true,
          "route_label_position": [
            362.0,
            890.0
          ],
          "source_side": "east",
          "start": [
            326.0,
            835.0
          ],
          "style": "Orthogonal",
          "target_cardinality": "One",
          "target_side": "east",
          "to": "employees",
          "to_columns": [
            "id"
          ]
        },
        {
          "control_points": [
            [
              558.5999755859375,
              372.0
            ],
            [
              558.5999755859375,
              317.0
            ]
          ],
          "end": [
            407.0,
            317.0
          ],
          "from": "organizations_ref",
          "from_columns": [
            "owner_user_id"
          ],
          "is_self_loop": false,
          "label": "owner_user_id",
          "label_x": 558.5999755859375,
          "label_y": 320.5,
          "nullable": false,
          "route_label_position": [
            558.5999755859375,
            320.5
          ],
          "source_side": "west",
          "start": [
            662.2000122070313,
            372.0
          ],
          "style": "Orthogonal",
          "target_cardinality": "One",
          "target_side": "east",
          "to": "users",
          "to_columns": [
            "id"
          ]
        },
        {
          "control_points": [
            [
              2265.60009765625,
              394.5
            ],
            [
              2265.60009765625,
              471.5
            ]
          ],
          "end": [
            2229.60009765625,
            471.5
          ],
          "from": "organizations",
          "from_columns": [
            "parent_org_id"
          ],
          "is_self_loop": true,
          "label": "parent_org_id",
          "label_x": 2289.60009765625,
          "label_y": 433.0,
          "nullable": true,
          "route_label_position": [
            2265.60009765625,
            433.0
          ],
          "source_side": "east",
          "start": [
            2229.60009765625,
            394.5
          ],
          "style": "Orthogonal",
          "target_cardinality": "One",
          "target_side": "east",
          "to": "organizations",
          "to_columns": [
            "id"
          ]
        },
        {
          "control_points": [
            [
              534.5999755859375,
              595.0
            ],
            [
              534.5999755859375,
              573.0
            ]
          ],
          "end": [
            407.0,
            573.0
          ],
          "from": "projects",
          "from_columns": [
            "department_id"
          ],
          "is_self_loop": false,
          "label": "department_id",
          "label_x": 491.9729919433594,
          "label_y": 525.177001953125,
          "nullable": false,
          "route_label_position": [
            534.5999755859375,
            584.0
          ],
          "source_side": "west",
          "start": [
            662.2000122070313,
            595.0
          ],
          "style": "Orthogonal",
          "target_cardinality": "One",
          "target_side": "east",
          "to": "departments",
          "to_columns": [
            "id"
          ]
        },
        {
          "control_points": [
            [
              1118.800048828125,
              372.0
            ],
            [
              1118.800048828125,
              328.0
            ]
          ],
          "end": [
            991.2000122070313,
            328.0
          ],
          "from": "teams",
          "from_columns": [
            "organization_id"
          ],
          "is_self_loop": false,
          "label": "fk_teams_organization",
          "label_x": 1118.800048828125,
          "label_y": 362.0,
          "nullable": false,
          "route_label_position": [
            1118.800048828125,
            362.0
          ],
          "source_side": "west",
          "start": [
            1270.4000244140625,
            372.0
          ],
          "style": "Orthogonal",
          "target_cardinality": "One",
          "target_side": "east",
          "to": "organizations_ref",
          "to_columns": [
            "id"
          ]
        },
        {
          "control_points": [
            [
              2265.60009765625,
              639.5
            ],
            [
              2265.60009765625,
              738.5
            ]
          ],
          "end": [
            2229.60009765625,
            738.5
          ],
          "from": "threaded_comments",
          "from_columns": [
            "parent_comment_id"
          ],
          "is_self_loop": true,
          "label": "parent_comment_id",
          "label_x": 2301.60009765625,
          "label_y": 689.0,
          "nullable": true,
          "route_label_position": [
            2265.60009765625,
            689.0
          ],
          "source_side": "east",
          "start": [
            2229.60009765625,
            639.5
          ],
          "style": "Orthogonal",
          "target_cardinality": "One",
          "target_side": "east",
          "to": "threaded_comments",
          "to_columns": [
            "id"
          ]
        },
        {
          "control_points": [
            [
              433.0,
              383.0
            ],
            [
              433.0,
              446.0
            ],
            [
              1244.4000244140625,
              446.0
            ],
            [
              1244.4000244140625,
              328.0
            ]
          ],
          "end": [
            1270.4000244140625,
            328.0
          ],
          "from": "users",
          "from_columns": [
            "default_team_id"
          ],
          "is_self_loop": false,
          "label": "fk_users_default_team",
          "label_x": 866.2000122070313,
          "label_y": 446.0,
          "nullable": true,
          "route_label_position": [
            866.2000122070313,
            446.0
          ],
          "source_side": "east",
          "start": [
            407.0,
            383.0
          ],
          "style": "Orthogonal",
          "target_cardinality": "One",
          "target_side": "west",
          "to": "teams",
          "to_columns": [
            "id"
          ]
        }
      ],
      "nodes": [
        {
          "column_count": 8,
          "group_index": null,
          "has_self_loop": true,
          "height": 220.0,
          "id": "categories",
          "kind": "Table",
          "width": 349.0,
          "x": 1880.5999755859375,
          "y": 56.0
        },
        {
          "column_count": 4,
          "group_index": null,
          "has_self_loop": false,
          "height": 132.0,
          "id": "cycle_a",
          "kind": "Table",
          "width": 349.0,
          "x": 56.0,
          "y": 56.0
        },
        {
          "column_count": 4,
          "group_index": null,
          "has_self_loop": false,
          "height": 132.0,
          "id": "cycle_b",
          "kind": "Table",
          "width": 349.0,
          "x": 664.2000122070313,
          "y": 56.0
        },
        {
          "column_count": 4,
          "group_index": null,
          "has_self_loop": false,
          "height": 132.0,
          "id": "cycle_c",
          "kind": "Table",
          "width": 349.0,
          "x": 1272.4000244140625,
          "y": 56.0
        },
        {
          "column_count": 5,
          "group_index": null,
          "has_self_loop": false,
          "height": 154.0,
          "id": "departments",
          "kind": "Table",
          "width": 349.0,
          "x": 56.0,
          "y": 524.0
        },
        {
          "column_count": 8,
          "group_index": null,
          "has_self_loop": true,
          "height": 220.0,
          "id": "employees",
          "kind": "Table",
          "width": 270.0,
          "x": 56.0,
          "y": 780.0
        },
        {
          "column_count": 5,
          "group_index": null,
          "has_self_loop": true,
          "height": 154.0,
          "id": "organizations",
          "kind": "Table",
          "width": 349.0,
          "x": 1880.5999755859375,
          "y": 356.0
        },
        {
          "column_count": 4,
          "group_index": null,
          "has_self_loop": false,
          "height": 132.0,
          "id": "organizations_ref",
          "kind": "Table",
          "width": 325.0,
          "x": 664.2000122070313,
          "y": 279.0
        },
        {
          "column_count": 7,
          "group_index": null,
          "has_self_loop": false,
          "height": 198.0,
          "id": "projects",
          "kind": "Table",
          "width": 349.0,
          "x": 664.2000122070313,
          "y": 502.0
        },
        {
          "column_count": 4,
          "group_index": null,
          "has_self_loop": false,
          "height": 132.0,
          "id": "teams",
          "kind": "Table",
          "width": 325.0,
          "x": 1272.4000244140625,
          "y": 279.0
        },
        {
          "column_count": 7,
          "group_index": null,
          "has_self_loop": true,
          "height": 198.0,
          "id": "threaded_comments",
          "kind": "Table",
          "width": 349.0,
          "x": 1880.5999755859375,
          "y": 590.0
        },
        {
          "column_count": 5,
          "group_index": null,
          "has_self_loop": false,
          "height": 154.0,
          "id": "users",
          "kind": "Table",
          "width": 349.0,
          "x": 56.0,
          "y": 268.0
        }
      ],
      "summary": {
        "edge_count": 12,
        "height": 1056.0,
        "node_count": 12,
        "width": 2369.0
      }
    },
    "straight": {
      "edges": [
        {
          "control_points": [
            [
              2265.60009765625,
              111.0
            ],
            [
              2265.60009765625,
              221.0
            ]
          ],
          "end": [
            2229.60009765625,
            221.0
          ],
          "from": "categories",
          "from_columns": [
            "parent_id"
          ],
          "is_self_loop": true,
          "label": "parent_id",
          "label_x": 2277.60009765625,
          "label_y": 166.0,
          "nullable": true,
          "route_label_position": [
            2265.60009765625,
            166.0
          ],
          "source_side": "east",
          "start": [
            2229.60009765625,
            111.0
          ],
          "style": "Straight",
          "target_cardinality": "One",
          "target_side": "east",
          "to": "categories",
          "to_columns": [
            "id"
          ]
        },
        {
          "control_points": [],
          "end": [
            1270.4000244140625,
            105.0
          ],
          "from": "cycle_a",
          "from_columns": [
            "cycle_c_id"
          ],
          "is_self_loop": false,
          "label": "cycle_c_id",
          "label_x": 552.1209716796875,
          "label_y": 165.63600158691406,
          "nullable": true,
          "route_label_position": [
            838.7000122070313,
            127.0
          ],
          "source_side": "east",
          "start": [
            407.0,
            149.0
          ],
          "style": "Straight",
          "target_cardinality": "One",
          "target_side": "west",
          "to": "cycle_c",
          "to_columns": [
            "id"
          ]
        },
        {
          "control_points": [],
          "end": [
            407.0,
            105.0
          ],
          "from": "cycle_b",
          "from_columns": [
            "cycle_a_id"
          ],
          "is_self_loop": false,
          "label": "cycle_a_id",
          "label_x": 492.0669860839844,
          "label_y": 119.66699981689453,
          "nullable": true,
          "route_label_position": [
            534.5999755859375,
            127.0
          ],
          "source_side": "west",
          "start": [
            662.2000122070313,
            149.0
          ],
          "style": "Straight",
          "target_cardinality": "One",
          "target_side": "east",
          "to": "cycle_a",
          "to_columns": [
            "id"
          ]
        },
        {
          "control_points": [],
          "end": [
            1015.2000122070313,
            105.0
          ],
          "from": "cycle_c",
          "from_columns": [
            "cycle_b_id"
          ],
          "is_self_loop": false,
          "label": "cycle_b_id",
          "label_x": 1185.3330078125,
          "label_y": 134.33299255371094,
          "nullable": true,
          "route_label_position": [
            1142.800048828125,
            127.0
          ],
          "source_side": "west",
          "start": [
            1270.4000244140625,
            149.0
          ],
          "style": "Straight",
          "target_cardinality": "One",
          "target_side": "east",
          "to": "cycle_b",
          "to_columns": [
            "id"
          ]
        },
        {
          "control_points": [],
          "end": [
            662.2000122070313,
            551.0
          ],
          "from": "departments",
          "from_columns": [
            "lead_project_id"
          ],
          "is_self_loop": false,
          "label": "fk_departments_lead_project",
          "label_x": 577.3679809570313,
          "label_y": 486.1759948730469,
          "nullable": true,
          "route_label_position": [
            534.5999755859375,
            584.0
          ],
          "source_side": "east",
          "start": [
            407.0,
            617.0
          ],
          "style": "Straight",
          "target_cardinality": "One",
          "target_side": "west",
          "to": "projects",
          "to_columns": [
            "id"
          ]
        },
        {
          "control_points": [
            [
              362.0,
              835.0
            ],
            [
              362.0,
              945.0
            ]
          ],
          "end": [
            326.0,
            945.0
          ],
          "from": "employees",
          "from_columns": [
            "manager_id"
          ],
          "is_self_loop": true,
          "label": "manager_id",
          "label_x": 374.0,
          "label_y": 890.0,
          "nullable": true,
          "route_label_position": [
            362.0,
            890.0
          ],
          "source_side": "east",
          "start": [
            326.0,
            835.0
          ],
          "style": "Straight",
          "target_cardinality": "One",
          "target_side": "east",
          "to": "employees",
          "to_columns": [
            "id"
          ]
        },
        {
          "control_points": [],
          "end": [
            407.0,
            317.0
          ],
          "from": "organizations_ref",
          "from_columns": [
            "owner_user_id"
          ],
          "is_self_loop": false,
          "label": "owner_user_id",
          "label_x": 534.5999755859375,
          "label_y": 344.5,
          "nullable": false,
          "route_label_position": [
            534.5999755859375,
            344.5
          ],
          "source_side": "west",
          "start": [
            662.2000122070313,
            372.0
          ],
          "style": "Straight",
          "target_cardinality": "One",
          "target_side": "east",
          "to": "users",
          "to_columns": [
            "id"
          ]
        },
        {
          "control_points": [
            [
              2265.60009765625,
              394.5
            ],
            [
              2265.60009765625,
              471.5
            ]
          ],
          "end": [
            2229.60009765625,
            471.5
          ],
          "from": "organizations",
          "from_columns": [
            "parent_org_id"
          ],
          "is_self_loop": true,
          "label": "parent_org_id",
          "label_x": 2289.60009765625,
          "label_y": 433.0,
          "nullable": true,
          "route_label_position": [
            2265.60009765625,
            433.0
          ],
          "source_side": "east",
          "start": [
            2229.60009765625,
            394.5
          ],
          "style": "Straight",
          "target_cardinality": "One",
          "target_side": "east",
          "to": "organizations",
          "to_columns": [
            "id"
          ]
        },
        {
          "control_points": [],
          "end": [
            407.0,
            573.0
          ],
          "from": "projects",
          "from_columns": [
            "department_id"
          ],
          "is_self_loop": false,
          "label": "department_id",
          "label_x": 473.8919982910156,
          "label_y": 542.6329956054688,
          "nullable": false,
          "route_label_position": [
            534.5999755859375,
            584.0
          ],
          "source_side": "west",
          "start": [
            662.2000122070313,
            595.0
          ],
          "style": "Straight",
          "target_cardinality": "One",
          "target_side": "east",
          "to": "departments",
          "to_columns": [
            "id"
          ]
        },
        {
          "control_points": [],
          "end": [
            991.2000122070313,
            328.0
          ],
          "from": "teams",
          "from_columns": [
            "organization_id"
          ],
          "is_self_loop": false,
          "label": "fk_teams_organization",
          "label_x": 1169.8609619140625,
          "label_y": 404.74798583984375,
          "nullable": false,
          "route_label_position": [
            1130.800048828125,
            350.0
          ],
          "source_side": "west",
          "start": [
            1270.4000244140625,
            372.0
          ],
          "style": "Straight",
          "target_cardinality": "One",
          "target_side": "east",
          "to": "organizations_ref",
          "to_columns": [
            "id"
          ]
        },
        {
          "control_points": [
            [
              2265.60009765625,
              639.5
            ],
            [
              2265.60009765625,
              738.5
            ]
          ],
          "end": [
            2229.60009765625,
            738.5
          ],
          "from": "threaded_comments",
          "from_columns": [
            "parent_comment_id"
          ],
          "is_self_loop": true,
          "label": "parent_comment_id",
          "label_x": 2301.60009765625,
          "label_y": 689.0,
          "nullable": true,
          "route_label_position": [
            2265.60009765625,
            689.0
          ],
          "source_side": "east",
          "start": [
            2229.60009765625,
            639.5
          ],
          "style": "Straight",
          "target_cardinality": "One",
          "target_side": "east",
          "to": "threaded_comments",
          "to_columns": [
            "id"
          ]
        },
        {
          "control_points": [],
          "end": [
            1270.4000244140625,
            328.0
          ],
          "from": "users",
          "from_columns": [
            "default_team_id"
          ],
          "is_self_loop": false,
          "label": "fk_users_default_team",
          "label_x": 553.1890258789063,
          "label_y": 409.760986328125,
          "nullable": true,
          "route_label_position": [
            838.7000122070313,
            355.5
          ],
          "source_side": "east",
          "start": [
            407.0,
            383.0
          ],
          "style": "Straight",
          "target_cardinality": "One",
          "target_side": "west",
          "to": "teams",
          "to_columns": [
            "id"
          ]
        }
      ],
      "nodes": [
        {
          "column_count": 8,
          "group_index": null,
          "has_self_loop": true,
          "height": 220.0,
          "id": "categories",
          "kind": "Table",
          "width": 349.0,
          "x": 1880.5999755859375,
          "y": 56.0
        },
        {
          "column_count": 4,
          "group_index": null,
          "has_self_loop": false,
          "height": 132.0,
          "id": "cycle_a",
          "kind": "Table",
          "width": 349.0,
          "x": 56.0,
          "y": 56.0
        },
        {
          "column_count": 4,
          "group_index": null,
          "has_self_loop": false,
          "height": 132.0,
          "id": "cycle_b",
          "kind": "Table",
          "width": 349.0,
          "x": 664.2000122070313,
          "y": 56.0
        },
        {
          "column_count": 4,
          "group_index": null,
          "has_self_loop": false,
          "height": 132.0,
          "id": "cycle_c",
          "kind": "Table",
          "width": 349.0,
          "x": 1272.4000244140625,
          "y": 56.0
        },
        {
          "column_count": 5,
          "group_index": null,
          "has_self_loop": false,
          "height": 154.0,
          "id": "departments",
          "kind": "Table",
          "width": 349.0,
          "x": 56.0,
          "y": 524.0
        },
        {
          "column_count": 8,
          "group_index": null,
          "has_self_loop": true,
          "height": 220.0,
          "id": "employees",
          "kind": "Table",
          "width": 270.0,
          "x": 56.0,
          "y": 780.0
        },
        {
          "column_count": 5,
          "group_index": null,
          "has_self_loop": true,
          "height": 154.0,
          "id": "organizations",
          "kind": "Table",
          "width": 349.0,
          "x": 1880.5999755859375,
          "y": 356.0
        },
        {
          "column_count": 4,
          "group_index": null,
          "has_self_loop": false,
          "height": 132.0,
          "id": "organizations_ref",
          "kind": "Table",
          "width": 325.0,
          "x": 664.2000122070313,
          "y": 279.0
        },
        {
          "column_count": 7,
          "group_index": null,
          "has_self_loop": false,
          "height": 198.0,
          "id": "projects",
          "kind": "Table",
          "width": 349.0,
          "x": 664.2000122070313,
          "y": 502.0
        },
        {
          "column_count": 4,
          "group_index": null,
          "has_self_loop": false,
          "height": 132.0,
          "id": "teams",
          "kind": "Table",
          "width": 325.0,
          "x": 1272.4000244140625,
          "y": 279.0
        },
        {
          "column_count": 7,
          "group_index": null,
          "has_self_loop": true,
          "height": 198.0,
          "id": "threaded_comments",
          "kind": "Table",
          "width": 349.0,
          "x": 1880.5999755859375,
          "y": 590.0
        },
        {
          "column_count": 5,
          "group_index": null,
          "has_self_loop": false,
          "height": 154.0,
          "id": "users",
          "kind": "Table",
          "width": 349.0,
          "x": 56.0,
          "y": 268.0
        }
      ],
      "summary": {
        "edge_count": 12,
        "height": 1056.0,
        "node_count": 12,
        "width": 2369.0
      }
    }
  }
}
