---
source: crates/relune-app/tests/layout_json_regression_matrix.rs
expression: snapshot
---
{
  "direction": "right_to_left",
  "fixture": "multi_schema.sql",
  "styles": {
    "curved": {
      "edges": [
        {
          "control_points": [
            [
              1054.800048828125,
              921.0
            ],
            [
              1054.800048828125,
              384.0
            ]
          ],
          "end": [
            927.2000122070313,
            384.0
          ],
          "from": "inventory.stock",
          "from_columns": [
            "product_id"
          ],
          "is_self_loop": false,
          "label": "product_id",
          "label_x": 1054.800048828125,
          "label_y": 718.5170288085938,
          "nullable": false,
          "route_label_position": [
            1054.800048828125,
            652.5
          ],
          "source_side": "west",
          "start": [
            1182.4000244140625,
            921.0
          ],
          "style": "Curved",
          "target_cardinality": "One",
          "target_side": "east",
          "to": "inventory.products",
          "to_columns": [
            "id"
          ]
        },
        {
          "control_points": [
            [
              775.2000122070313,
              667.0
            ],
            [
              775.2000122070313,
              112.0
            ]
          ],
          "end": [
            349.0,
            112.0
          ],
          "from": "public.posts",
          "from_columns": [
            "author_id"
          ],
          "is_self_loop": false,
          "label": "author_id",
          "label_x": 775.2000122070313,
          "label_y": 272.2170104980469,
          "nullable": false,
          "route_label_position": [
            775.2000122070313,
            389.5
          ],
          "source_side": "west",
          "start": [
            1201.4000244140625,
            667.0
          ],
          "style": "Curved",
          "target_cardinality": "One",
          "target_side": "east",
          "to": "public.users",
          "to_columns": [
            "id"
          ]
        },
        {
          "control_points": [
            [
              1030.800048828125,
              431.0
            ],
            [
              1030.800048828125,
              370.0
            ]
          ],
          "end": [
            927.2000122070313,
            370.0
          ],
          "from": "sales.order_items",
          "from_columns": [
            "product_id"
          ],
          "is_self_loop": false,
          "label": "product_id",
          "label_x": 1125.614990234375,
          "label_y": 442.739990234375,
          "nullable": false,
          "route_label_position": [
            1040.800048828125,
            431.0
          ],
          "source_side": "west",
          "start": [
            1215.4000244140625,
            431.0
          ],
          "style": "Curved",
          "target_cardinality": "One",
          "target_side": "east",
          "to": "inventory.products",
          "to_columns": [
            "id"
          ]
        },
        {
          "control_points": [
            [
              1078.800048828125,
              413.0
            ],
            [
              1078.800048828125,
              112.0
            ]
          ],
          "end": [
            927.2000122070313,
            112.0
          ],
          "from": "sales.order_items",
          "from_columns": [
            "order_id"
          ],
          "is_self_loop": false,
          "label": "order_id",
          "label_x": 1078.800048828125,
          "label_y": 255.0,
          "nullable": false,
          "route_label_position": [
            1078.800048828125,
            255.0
          ],
          "source_side": "west",
          "start": [
            1215.4000244140625,
            413.0
          ],
          "style": "Curved",
          "target_cardinality": "One",
          "target_side": "east",
          "to": "sales.orders",
          "to_columns": [
            "id"
          ]
        },
        {
          "control_points": [
            [
              476.6000061035156,
              123.0
            ],
            [
              476.6000061035156,
              98.0
            ]
          ],
          "end": [
            349.0,
            98.0
          ],
          "from": "sales.orders",
          "from_columns": [
            "customer_id"
          ],
          "is_self_loop": false,
          "label": "customer_id",
          "label_x": 442.635986328125,
          "label_y": 86.05699920654297,
          "nullable": false,
          "route_label_position": [
            476.6000061035156,
            110.5
          ],
          "source_side": "west",
          "start": [
            604.2000122070313,
            123.0
          ],
          "style": "Curved",
          "target_cardinality": "One",
          "target_side": "east",
          "to": "public.users",
          "to_columns": [
            "id"
          ]
        },
        {
          "control_points": [
            [
              1054.800048828125,
              123.0
            ],
            [
              1054.800048828125,
              98.0
            ]
          ],
          "end": [
            927.2000122070313,
            98.0
          ],
          "from": "sales.shipments",
          "from_columns": [
            "order_id"
          ],
          "is_self_loop": false,
          "label": "order_id",
          "label_x": 1126.5999755859375,
          "label_y": 123.0,
          "nullable": false,
          "route_label_position": [
            1054.800048828125,
            120.0
          ],
          "source_side": "west",
          "start": [
            1201.4000244140625,
            123.0
          ],
          "style": "Curved",
          "target_cardinality": "One",
          "target_side": "east",
          "to": "sales.orders",
          "to_columns": [
            "id"
          ]
        }
      ],
      "nodes": [
        {
          "column_count": 8,
          "group_index": null,
          "has_self_loop": false,
          "height": 192.0,
          "id": "inventory.products",
          "kind": "Table",
          "width": 291.0,
          "x": 634.2000122070313,
          "y": 328.0
        },
        {
          "column_count": 6,
          "group_index": null,
          "has_self_loop": false,
          "height": 156.0,
          "id": "inventory.stock",
          "kind": "Table",
          "width": 324.0,
          "x": 1184.4000244140625,
          "y": 854.0
        },
        {
          "column_count": 7,
          "group_index": null,
          "has_self_loop": false,
          "height": 174.0,
          "id": "public.posts",
          "kind": "Table",
          "width": 305.0,
          "x": 1203.4000244140625,
          "y": 600.0
        },
        {
          "column_count": 6,
          "group_index": null,
          "has_self_loop": false,
          "height": 156.0,
          "id": "public.users",
          "kind": "Table",
          "width": 291.0,
          "x": 56.0,
          "y": 56.0
        },
        {
          "column_count": 7,
          "group_index": null,
          "has_self_loop": false,
          "height": 174.0,
          "id": "sales.order_items",
          "kind": "Table",
          "width": 291.0,
          "x": 1217.4000244140625,
          "y": 346.0
        },
        {
          "column_count": 8,
          "group_index": null,
          "has_self_loop": false,
          "height": 192.0,
          "id": "sales.orders",
          "kind": "Table",
          "width": 319.0,
          "x": 606.2000122070313,
          "y": 56.0
        },
        {
          "column_count": 9,
          "group_index": null,
          "has_self_loop": false,
          "height": 210.0,
          "id": "sales.shipments",
          "kind": "Table",
          "width": 305.0,
          "x": 1203.4000244140625,
          "y": 56.0
        }
      ],
      "summary": {
        "edge_count": 6,
        "height": 1066.0,
        "node_count": 7,
        "width": 1564.4000244140625
      }
    },
    "orthogonal": {
      "edges": [
        {
          "control_points": [
            [
              1054.800048828125,
              921.0
            ],
            [
              1054.800048828125,
              384.0
            ]
          ],
          "end": [
            927.2000122070313,
            384.0
          ],
          "from": "inventory.stock",
          "from_columns": [
            "product_id"
          ],
          "is_self_loop": false,
          "label": "product_id",
          "label_x": 1054.800048828125,
          "label_y": 718.5170288085938,
          "nullable": false,
          "route_label_position": [
            1054.800048828125,
            652.5
          ],
          "source_side": "west",
          "start": [
            1182.4000244140625,
            921.0
          ],
          "style": "Orthogonal",
          "target_cardinality": "One",
          "target_side": "east",
          "to": "inventory.products",
          "to_columns": [
            "id"
          ]
        },
        {
          "control_points": [
            [
              775.2000122070313,
              667.0
            ],
            [
              775.2000122070313,
              112.0
            ]
          ],
          "end": [
            349.0,
            112.0
          ],
          "from": "public.posts",
          "from_columns": [
            "author_id"
          ],
          "is_self_loop": false,
          "label": "author_id",
          "label_x": 775.2000122070313,
          "label_y": 272.2170104980469,
          "nullable": false,
          "route_label_position": [
            775.2000122070313,
            389.5
          ],
          "source_side": "west",
          "start": [
            1201.4000244140625,
            667.0
          ],
          "style": "Orthogonal",
          "target_cardinality": "One",
          "target_side": "east",
          "to": "public.users",
          "to_columns": [
            "id"
          ]
        },
        {
          "control_points": [
            [
              1030.800048828125,
              431.0
            ],
            [
              1030.800048828125,
              370.0
            ]
          ],
          "end": [
            927.2000122070313,
            370.0
          ],
          "from": "sales.order_items",
          "from_columns": [
            "product_id"
          ],
          "is_self_loop": false,
          "label": "product_id",
          "label_x": 1125.614990234375,
          "label_y": 442.739990234375,
          "nullable": false,
          "route_label_position": [
            1040.800048828125,
            431.0
          ],
          "source_side": "west",
          "start": [
            1215.4000244140625,
            431.0
          ],
          "style": "Orthogonal",
          "target_cardinality": "One",
          "target_side": "east",
          "to": "inventory.products",
          "to_columns": [
            "id"
          ]
        },
        {
          "control_points": [
            [
              1078.800048828125,
              413.0
            ],
            [
              1078.800048828125,
              112.0
            ]
          ],
          "end": [
            927.2000122070313,
            112.0
          ],
          "from": "sales.order_items",
          "from_columns": [
            "order_id"
          ],
          "is_self_loop": false,
          "label": "order_id",
          "label_x": 1078.800048828125,
          "label_y": 255.0,
          "nullable": false,
          "route_label_position": [
            1078.800048828125,
            255.0
          ],
          "source_side": "west",
          "start": [
            1215.4000244140625,
            413.0
          ],
          "style": "Orthogonal",
          "target_cardinality": "One",
          "target_side": "east",
          "to": "sales.orders",
          "to_columns": [
            "id"
          ]
        },
        {
          "control_points": [
            [
              476.6000061035156,
              123.0
            ],
            [
              476.6000061035156,
              98.0
            ]
          ],
          "end": [
            349.0,
            98.0
          ],
          "from": "sales.orders",
          "from_columns": [
            "customer_id"
          ],
          "is_self_loop": false,
          "label": "customer_id",
          "label_x": 442.635986328125,
          "label_y": 86.05699920654297,
          "nullable": false,
          "route_label_position": [
            476.6000061035156,
            110.5
          ],
          "source_side": "west",
          "start": [
            604.2000122070313,
            123.0
          ],
          "style": "Orthogonal",
          "target_cardinality": "One",
          "target_side": "east",
          "to": "public.users",
          "to_columns": [
            "id"
          ]
        },
        {
          "control_points": [
            [
              1054.800048828125,
              123.0
            ],
            [
              1054.800048828125,
              98.0
            ]
          ],
          "end": [
            927.2000122070313,
            98.0
          ],
          "from": "sales.shipments",
          "from_columns": [
            "order_id"
          ],
          "is_self_loop": false,
          "label": "order_id",
          "label_x": 1126.5999755859375,
          "label_y": 123.0,
          "nullable": false,
          "route_label_position": [
            1054.800048828125,
            120.0
          ],
          "source_side": "west",
          "start": [
            1201.4000244140625,
            123.0
          ],
          "style": "Orthogonal",
          "target_cardinality": "One",
          "target_side": "east",
          "to": "sales.orders",
          "to_columns": [
            "id"
          ]
        }
      ],
      "nodes": [
        {
          "column_count": 8,
          "group_index": null,
          "has_self_loop": false,
          "height": 192.0,
          "id": "inventory.products",
          "kind": "Table",
          "width": 291.0,
          "x": 634.2000122070313,
          "y": 328.0
        },
        {
          "column_count": 6,
          "group_index": null,
          "has_self_loop": false,
          "height": 156.0,
          "id": "inventory.stock",
          "kind": "Table",
          "width": 324.0,
          "x": 1184.4000244140625,
          "y": 854.0
        },
        {
          "column_count": 7,
          "group_index": null,
          "has_self_loop": false,
          "height": 174.0,
          "id": "public.posts",
          "kind": "Table",
          "width": 305.0,
          "x": 1203.4000244140625,
          "y": 600.0
        },
        {
          "column_count": 6,
          "group_index": null,
          "has_self_loop": false,
          "height": 156.0,
          "id": "public.users",
          "kind": "Table",
          "width": 291.0,
          "x": 56.0,
          "y": 56.0
        },
        {
          "column_count": 7,
          "group_index": null,
          "has_self_loop": false,
          "height": 174.0,
          "id": "sales.order_items",
          "kind": "Table",
          "width": 291.0,
          "x": 1217.4000244140625,
          "y": 346.0
        },
        {
          "column_count": 8,
          "group_index": null,
          "has_self_loop": false,
          "height": 192.0,
          "id": "sales.orders",
          "kind": "Table",
          "width": 319.0,
          "x": 606.2000122070313,
          "y": 56.0
        },
        {
          "column_count": 9,
          "group_index": null,
          "has_self_loop": false,
          "height": 210.0,
          "id": "sales.shipments",
          "kind": "Table",
          "width": 305.0,
          "x": 1203.4000244140625,
          "y": 56.0
        }
      ],
      "summary": {
        "edge_count": 6,
        "height": 1066.0,
        "node_count": 7,
        "width": 1564.4000244140625
      }
    },
    "straight": {
      "edges": [
        {
          "control_points": [
            [
              1054.800048828125,
              921.0
            ],
            [
              1054.800048828125,
              384.0
            ]
          ],
          "end": [
            927.2000122070313,
            384.0
          ],
          "from": "inventory.stock",
          "from_columns": [
            "product_id"
          ],
          "is_self_loop": false,
          "label": "product_id",
          "label_x": 1054.800048828125,
          "label_y": 718.5170288085938,
          "nullable": false,
          "route_label_position": [
            1054.800048828125,
            652.5
          ],
          "source_side": "west",
          "start": [
            1182.4000244140625,
            921.0
          ],
          "style": "Straight",
          "target_cardinality": "One",
          "target_side": "east",
          "to": "inventory.products",
          "to_columns": [
            "id"
          ]
        },
        {
          "control_points": [
            [
              775.2000122070313,
              667.0
            ],
            [
              775.2000122070313,
              112.0
            ]
          ],
          "end": [
            349.0,
            112.0
          ],
          "from": "public.posts",
          "from_columns": [
            "author_id"
          ],
          "is_self_loop": false,
          "label": "author_id",
          "label_x": 775.2000122070313,
          "label_y": 272.2170104980469,
          "nullable": false,
          "route_label_position": [
            775.2000122070313,
            389.5
          ],
          "source_side": "west",
          "start": [
            1201.4000244140625,
            667.0
          ],
          "style": "Straight",
          "target_cardinality": "One",
          "target_side": "east",
          "to": "public.users",
          "to_columns": [
            "id"
          ]
        },
        {
          "control_points": [
            [
              1030.800048828125,
              431.0
            ],
            [
              1030.800048828125,
              370.0
            ]
          ],
          "end": [
            927.2000122070313,
            370.0
          ],
          "from": "sales.order_items",
          "from_columns": [
            "product_id"
          ],
          "is_self_loop": false,
          "label": "product_id",
          "label_x": 1125.614990234375,
          "label_y": 442.739990234375,
          "nullable": false,
          "route_label_position": [
            1040.800048828125,
            431.0
          ],
          "source_side": "west",
          "start": [
            1215.4000244140625,
            431.0
          ],
          "style": "Straight",
          "target_cardinality": "One",
          "target_side": "east",
          "to": "inventory.products",
          "to_columns": [
            "id"
          ]
        },
        {
          "control_points": [
            [
              1078.800048828125,
              413.0
            ],
            [
              1078.800048828125,
              112.0
            ]
          ],
          "end": [
            927.2000122070313,
            112.0
          ],
          "from": "sales.order_items",
          "from_columns": [
            "order_id"
          ],
          "is_self_loop": false,
          "label": "order_id",
          "label_x": 1078.800048828125,
          "label_y": 255.0,
          "nullable": false,
          "route_label_position": [
            1078.800048828125,
            255.0
          ],
          "source_side": "west",
          "start": [
            1215.4000244140625,
            413.0
          ],
          "style": "Straight",
          "target_cardinality": "One",
          "target_side": "east",
          "to": "sales.orders",
          "to_columns": [
            "id"
          ]
        },
        {
          "control_points": [
            [
              476.6000061035156,
              123.0
            ],
            [
              476.6000061035156,
              98.0
            ]
          ],
          "end": [
            349.0,
            98.0
          ],
          "from": "sales.orders",
          "from_columns": [
            "customer_id"
          ],
          "is_self_loop": false,
          "label": "customer_id",
          "label_x": 442.635986328125,
          "label_y": 86.05699920654297,
          "nullable": false,
          "route_label_position": [
            476.6000061035156,
            110.5
          ],
          "source_side": "west",
          "start": [
            604.2000122070313,
            123.0
          ],
          "style": "Straight",
          "target_cardinality": "One",
          "target_side": "east",
          "to": "public.users",
          "to_columns": [
            "id"
          ]
        },
        {
          "control_points": [
            [
              1054.800048828125,
              123.0
            ],
            [
              1054.800048828125,
              98.0
            ]
          ],
          "end": [
            927.2000122070313,
            98.0
          ],
          "from": "sales.shipments",
          "from_columns": [
            "order_id"
          ],
          "is_self_loop": false,
          "label": "order_id",
          "label_x": 1126.5999755859375,
          "label_y": 123.0,
          "nullable": false,
          "route_label_position": [
            1054.800048828125,
            120.0
          ],
          "source_side": "west",
          "start": [
            1201.4000244140625,
            123.0
          ],
          "style": "Straight",
          "target_cardinality": "One",
          "target_side": "east",
          "to": "sales.orders",
          "to_columns": [
            "id"
          ]
        }
      ],
      "nodes": [
        {
          "column_count": 8,
          "group_index": null,
          "has_self_loop": false,
          "height": 192.0,
          "id": "inventory.products",
          "kind": "Table",
          "width": 291.0,
          "x": 634.2000122070313,
          "y": 328.0
        },
        {
          "column_count": 6,
          "group_index": null,
          "has_self_loop": false,
          "height": 156.0,
          "id": "inventory.stock",
          "kind": "Table",
          "width": 324.0,
          "x": 1184.4000244140625,
          "y": 854.0
        },
        {
          "column_count": 7,
          "group_index": null,
          "has_self_loop": false,
          "height": 174.0,
          "id": "public.posts",
          "kind": "Table",
          "width": 305.0,
          "x": 1203.4000244140625,
          "y": 600.0
        },
        {
          "column_count": 6,
          "group_index": null,
          "has_self_loop": false,
          "height": 156.0,
          "id": "public.users",
          "kind": "Table",
          "width": 291.0,
          "x": 56.0,
          "y": 56.0
        },
        {
          "column_count": 7,
          "group_index": null,
          "has_self_loop": false,
          "height": 174.0,
          "id": "sales.order_items",
          "kind": "Table",
          "width": 291.0,
          "x": 1217.4000244140625,
          "y": 346.0
        },
        {
          "column_count": 8,
          "group_index": null,
          "has_self_loop": false,
          "height": 192.0,
          "id": "sales.orders",
          "kind": "Table",
          "width": 319.0,
          "x": 606.2000122070313,
          "y": 56.0
        },
        {
          "column_count": 9,
          "group_index": null,
          "has_self_loop": false,
          "height": 210.0,
          "id": "sales.shipments",
          "kind": "Table",
          "width": 305.0,
          "x": 1203.4000244140625,
          "y": 56.0
        }
      ],
      "summary": {
        "edge_count": 6,
        "height": 1066.0,
        "node_count": 7,
        "width": 1564.4000244140625
      }
    }
  }
}
